Component: ARM Compiler 5.06 update 5 (build 528) Tool: armlink [4d35e2]

==============================================================================

Section Cross References

    startup_stm32l432xx.o(RESET) refers to startup_stm32l432xx.o(STACK) for __initial_sp
    startup_stm32l432xx.o(RESET) refers to startup_stm32l432xx.o(.text) for Reset_Handler
    startup_stm32l432xx.o(RESET) refers to stm32l4xx_it.o(i.NMI_Handler) for NMI_Handler
    startup_stm32l432xx.o(RESET) refers to stm32l4xx_it.o(i.HardFault_Handler) for HardFault_Handler
    startup_stm32l432xx.o(RESET) refers to stm32l4xx_it.o(i.MemManage_Handler) for MemManage_Handler
    startup_stm32l432xx.o(RESET) refers to stm32l4xx_it.o(i.BusFault_Handler) for BusFault_Handler
    startup_stm32l432xx.o(RESET) refers to stm32l4xx_it.o(i.UsageFault_Handler) for UsageFault_Handler
    startup_stm32l432xx.o(RESET) refers to stm32l4xx_it.o(i.SVC_Handler) for SVC_Handler
    startup_stm32l432xx.o(RESET) refers to stm32l4xx_it.o(i.DebugMon_Handler) for DebugMon_Handler
    startup_stm32l432xx.o(RESET) refers to stm32l4xx_it.o(i.PendSV_Handler) for PendSV_Handler
    startup_stm32l432xx.o(RESET) refers to stm32l4xx_it.o(i.SysTick_Handler) for SysTick_Handler
    startup_stm32l432xx.o(RESET) refers to stm32l4xx_it.o(i.USART2_IRQHandler) for USART2_IRQHandler
    startup_stm32l432xx.o(.text) refers to system_stm32l4xx.o(i.SystemInit) for SystemInit
    startup_stm32l432xx.o(.text) refers to entry.o(.ARM.Collect$$$$00000000) for __main
    main.o(i.SystemClock_Config) refers to memseta.o(.text) for __aeabi_memclr4
    main.o(i.SystemClock_Config) refers to stm32l4xx_hal_pwr.o(i.HAL_PWR_EnableBkUpAccess) for HAL_PWR_EnableBkUpAccess
    main.o(i.SystemClock_Config) refers to stm32l4xx_hal_rcc.o(i.HAL_RCC_OscConfig) for HAL_RCC_OscConfig
    main.o(i.SystemClock_Config) refers to stm32l4xx_hal_rcc.o(i.HAL_RCC_ClockConfig) for HAL_RCC_ClockConfig
    main.o(i.SystemClock_Config) refers to stm32l4xx_hal_rcc_ex.o(i.HAL_RCCEx_PeriphCLKConfig) for HAL_RCCEx_PeriphCLKConfig
    main.o(i.SystemClock_Config) refers to stm32l4xx_hal_pwr_ex.o(i.HAL_PWREx_ControlVoltageScaling) for HAL_PWREx_ControlVoltageScaling
    main.o(i.SystemClock_Config) refers to stm32l4xx_hal_rcc_ex.o(i.HAL_RCCEx_EnableMSIPLLMode) for HAL_RCCEx_EnableMSIPLLMode
    main.o(i.main) refers to stm32l4xx_hal.o(i.HAL_Init) for HAL_Init
    main.o(i.main) refers to main.o(i.SystemClock_Config) for SystemClock_Config
    main.o(i.main) refers to bsp_led.o(i.LED_TEST_Config) for LED_TEST_Config
    main.o(i.main) refers to bsp_uart.o(i.DEBUG_UART_Config) for DEBUG_UART_Config
    main.o(i.main) refers to i2c_sensors.o(i.BH1750_Config) for BH1750_Config
    main.o(i.main) refers to i2c_sensors.o(i.HDC1080_Config) for HDC1080_Config
    main.o(i.main) refers to sensor_ccs811.o(i.CCS811_Config) for CCS811_Config
    main.o(i.main) refers to i2c_sensors.o(i.BH1750_Start) for BH1750_Start
    main.o(i.main) refers to i2c_sensors.o(i.BH1750_WaitingData_ms) for BH1750_WaitingData_ms
    main.o(i.main) refers to i2c_sensors.o(i.BH1750_ReadData) for BH1750_ReadData
    main.o(i.main) refers to i2c_sensors.o(i.BH1750_ConvertResult) for BH1750_ConvertResult
    main.o(i.main) refers to f2d.o(.text) for __aeabi_f2d
    main.o(i.main) refers to printfa.o(i.__0printf) for __2printf
    main.o(i.main) refers to i2c_sensors.o(i.HDC1080_Start) for HDC1080_Start
    main.o(i.main) refers to i2c_sensors.o(i.HDC1080_WaitingData_ms) for HDC1080_WaitingData_ms
    main.o(i.main) refers to i2c_sensors.o(i.HDC1080_ReadData) for HDC1080_ReadData
    main.o(i.main) refers to i2c_sensors.o(i.HDC1080_ConvertResult) for HDC1080_ConvertResult
    main.o(i.main) refers to sensor_ccs811.o(i.CCS811GetData) for CCS811GetData
    main.o(i.main) refers to sensor_ccs811.o(i.CCS811ClearData) for CCS811ClearData
    main.o(i.main) refers to stm32l4xx_hal.o(i.HAL_Delay) for HAL_Delay
    main.o(i.main) refers to i2c_sensors.o(.data) for BH1750_Illumination
    main.o(i.main) refers to i2c_sensors.o(.data) for HDC1080_Humidity
    main.o(i.main) refers to i2c_sensors.o(.data) for HDC1080_Temperature
    main.o(i.main) refers to sensor_ccs811.o(.bss) for CCS811
    main.o(i.main) refers to i2c_sensors.o(.data) for BH1750_Data
    main.o(i.main) refers to i2c_sensors.o(.data) for HDC1080_Data
    stm32l4xx_it.o(i.SysTick_Handler) refers to stm32l4xx_hal.o(i.HAL_IncTick) for HAL_IncTick
    stm32l4xx_it.o(i.USART2_IRQHandler) refers to stm32l4xx_hal_uart.o(i.HAL_UART_IRQHandler) for HAL_UART_IRQHandler
    stm32l4xx_it.o(i.USART2_IRQHandler) refers to bsp_uart.o(.bss) for DebugUART
    bsp_led.o(i.LED_TEST_Config) refers to memseta.o(.text) for __aeabi_memclr4
    bsp_led.o(i.LED_TEST_Config) refers to stm32l4xx_hal_gpio.o(i.HAL_GPIO_Init) for HAL_GPIO_Init
    bsp_led.o(i.LED_TEST_Config) refers to stm32l4xx_hal_gpio.o(i.HAL_GPIO_WritePin) for HAL_GPIO_WritePin
[...]
    Removing stm32l4xx_hal_i2c.o(i.I2C_Slave_ISR_DMA), (266 bytes).
    Removing stm32l4xx_hal_i2c.o(i.I2C_Slave_ISR_IT), (288 bytes).
    Removing stm32l4xx_hal_i2c.o(i.I2C_TransferConfig), (44 bytes).
    Removing stm32l4xx_hal_i2c.o(i.I2C_TreatErrorCallback), (42 bytes).
    Removing stm32l4xx_hal_i2c.o(i.I2C_WaitOnFlagUntilTimeout), (88 bytes).
    Removing stm32l4xx_hal_i2c.o(i.I2C_WaitOnRXNEFlagUntilTimeout), (132 bytes).
    Removing stm32l4xx_hal_i2c.o(i.I2C_WaitOnSTOPFlagUntilTimeout), (76 bytes).
    Removing stm32l4xx_hal_i2c.o(i.I2C_WaitOnTXISFlagUntilTimeout), (80 bytes).
    Removing stm32l4xx_hal_i2c_ex.o(.rev16_text), (4 bytes).
    Removing stm32l4xx_hal_i2c_ex.o(.revsh_text), (4 bytes).
    Removing stm32l4xx_hal_i2c_ex.o(.rrx_text), (6 bytes).
    Removing stm32l4xx_hal_i2c_ex.o(i.HAL_I2CEx_ConfigAnalogFilter), (86 bytes).
    Removing stm32l4xx_hal_i2c_ex.o(i.HAL_I2CEx_ConfigDigitalFilter), (82 bytes).
    Removing stm32l4xx_hal_i2c_ex.o(i.HAL_I2CEx_DisableFastModePlus), (40 bytes).
    Removing stm32l4xx_hal_i2c_ex.o(i.HAL_I2CEx_DisableWakeUp), (78 bytes).
    Removing stm32l4xx_hal_i2c_ex.o(i.HAL_I2CEx_EnableFastModePlus), (40 bytes).
    Removing stm32l4xx_hal_i2c_ex.o(i.HAL_I2CEx_EnableWakeUp), (78 bytes).
    Removing stm32l4xx_hal_rcc.o(.rev16_text), (4 bytes).
    Removing stm32l4xx_hal_rcc.o(.revsh_text), (4 bytes).
    Removing stm32l4xx_hal_rcc.o(.rrx_text), (6 bytes).
    Removing stm32l4xx_hal_rcc.o(i.HAL_RCC_CSSCallback), (2 bytes).
    Removing stm32l4xx_hal_rcc.o(i.HAL_RCC_DeInit), (224 bytes).
    Removing stm32l4xx_hal_rcc.o(i.HAL_RCC_EnableCSS), (16 bytes).
    Removing stm32l4xx_hal_rcc.o(i.HAL_RCC_GetClockConfig), (64 bytes).
    Removing stm32l4xx_hal_rcc.o(i.HAL_RCC_GetHCLKFreq), (12 bytes).
    Removing stm32l4xx_hal_rcc.o(i.HAL_RCC_GetOscConfig), (228 bytes).
    Removing stm32l4xx_hal_rcc.o(i.HAL_RCC_MCOConfig), (72 bytes).
    Removing stm32l4xx_hal_rcc.o(i.HAL_RCC_NMI_IRQHandler), (24 bytes).
    Removing stm32l4xx_hal_rcc_ex.o(.rev16_text), (4 bytes).
    Removing stm32l4xx_hal_rcc_ex.o(.revsh_text), (4 bytes).
    Removing stm32l4xx_hal_rcc_ex.o(.rrx_text), (6 bytes).
    Removing stm32l4xx_hal_rcc_ex.o(i.HAL_RCCEx_CRSConfig), (76 bytes).
    Removing stm32l4xx_hal_rcc_ex.o(i.HAL_RCCEx_CRSGetSynchronizationInfo), (36 bytes).
    Removing stm32l4xx_hal_rcc_ex.o(i.HAL_RCCEx_CRSSoftwareSynchronizationGenerate), (16 bytes).
    Removing stm32l4xx_hal_rcc_ex.o(i.HAL_RCCEx_CRSWaitSynchronization), (132 bytes).
    Removing stm32l4xx_hal_rcc_ex.o(i.HAL_RCCEx_CRS_ErrorCallback), (2 bytes).
    Removing stm32l4xx_hal_rcc_ex.o(i.HAL_RCCEx_CRS_ExpectedSyncCallback), (2 bytes).
    Removing stm32l4xx_hal_rcc_ex.o(i.HAL_RCCEx_CRS_IRQHandler), (108 bytes).
    Removing stm32l4xx_hal_rcc_ex.o(i.HAL_RCCEx_CRS_SyncOkCallback), (2 bytes).
    Removing stm32l4xx_hal_rcc_ex.o(i.HAL_RCCEx_CRS_SyncWarnCallback), (2 bytes).
    Removing stm32l4xx_hal_rcc_ex.o(i.HAL_RCCEx_DisableLSCO), (88 bytes).
    Removing stm32l4xx_hal_rcc_ex.o(i.HAL_RCCEx_DisableLSECSS), (28 bytes).
    Removing stm32l4xx_hal_rcc_ex.o(i.HAL_RCCEx_DisableMSIPLLMode), (16 bytes).
    Removing stm32l4xx_hal_rcc_ex.o(i.HAL_RCCEx_DisablePLLSAI1), (80 bytes).
    Removing stm32l4xx_hal_rcc_ex.o(i.HAL_RCCEx_EnableLSCO), (140 bytes).
    Removing stm32l4xx_hal_rcc_ex.o(i.HAL_RCCEx_EnableLSECSS), (20 bytes).
    Removing stm32l4xx_hal_rcc_ex.o(i.HAL_RCCEx_EnableLSECSS_IT), (56 bytes).
    Removing stm32l4xx_hal_rcc_ex.o(i.HAL_RCCEx_EnablePLLSAI1), (156 bytes).
    Removing stm32l4xx_hal_rcc_ex.o(i.HAL_RCCEx_GetPeriphCLKConfig), (188 bytes).
    Removing stm32l4xx_hal_rcc_ex.o(i.HAL_RCCEx_GetPeriphCLKFreq), (802 bytes).
    Removing stm32l4xx_hal_rcc_ex.o(i.HAL_RCCEx_LSECSS_Callback), (2 bytes).
    Removing stm32l4xx_hal_rcc_ex.o(i.HAL_RCCEx_LSECSS_IRQHandler), (24 bytes).
    Removing stm32l4xx_hal_rcc_ex.o(i.HAL_RCCEx_StandbyMSIRangeConfig), (24 bytes).
    Removing stm32l4xx_hal_rcc_ex.o(i.HAL_RCCEx_WakeUpStopCLKConfig), (20 bytes).
    Removing stm32l4xx_hal_rcc_ex.o(i.RCCEx_GetSAIxPeriphCLKFreq), (168 bytes).
    Removing stm32l4xx_hal_flash.o(.rev16_text), (4 bytes).
    Removing stm32l4xx_hal_flash.o(.revsh_text), (4 bytes).
    Removing stm32l4xx_hal_flash.o(.rrx_text), (6 bytes).
    Removing stm32l4xx_hal_flash.o(i.FLASH_Program_DoubleWord), (28 bytes).
    Removing stm32l4xx_hal_flash.o(i.FLASH_Program_Fast), (44 bytes).
    Removing stm32l4xx_hal_flash.o(i.FLASH_WaitForLastOperation), (100 bytes).
    Removing stm32l4xx_hal_flash.o(i.HAL_FLASH_EndOfOperationCallback), (2 bytes).
    Removing stm32l4xx_hal_flash.o(i.HAL_FLASH_GetError), (12 bytes).
    Removing stm32l4xx_hal_flash.o(i.HAL_FLASH_IRQHandler), (236 bytes).
    Removing stm32l4xx_hal_flash.o(i.HAL_FLASH_Lock), (20 bytes).
    Removing stm32l4xx_hal_flash.o(i.HAL_FLASH_OB_Launch), (24 bytes).
    Removing stm32l4xx_hal_flash.o(i.HAL_FLASH_OB_Lock), (20 bytes).
    Removing stm32l4xx_hal_flash.o(i.HAL_FLASH_OB_Unlock), (36 bytes).
    Removing stm32l4xx_hal_flash.o(i.HAL_FLASH_OperationErrorCallback), (2 bytes).
    Removing stm32l4xx_hal_flash.o(i.HAL_FLASH_Program), (170 bytes).
    Removing stm32l4xx_hal_flash.o(i.HAL_FLASH_Program_IT), (120 bytes).
    Removing stm32l4xx_hal_flash.o(i.HAL_FLASH_Unlock), (40 bytes).
    Removing stm32l4xx_hal_flash.o(.data), (32 bytes).
    Removing stm32l4xx_hal_flash_ex.o(.rev16_text), (4 bytes).
    Removing stm32l4xx_hal_flash_ex.o(.revsh_text), (4 bytes).
    Removing stm32l4xx_hal_flash_ex.o(.rrx_text), (6 bytes).
    Removing stm32l4xx_hal_flash_ex.o(i.FLASH_FlushCaches), (84 bytes).
    Removing stm32l4xx_hal_flash_ex.o(i.FLASH_MassErase), (28 bytes).
    Removing stm32l4xx_hal_flash_ex.o(i.FLASH_OB_PCROPConfig), (104 bytes).
    Removing stm32l4xx_hal_flash_ex.o(i.FLASH_OB_UserConfig), (248 bytes).
    Removing stm32l4xx_hal_flash_ex.o(i.FLASH_PageErase), (40 bytes).
    Removing stm32l4xx_hal_flash_ex.o(i.HAL_FLASHEx_Erase), (230 bytes).
    Removing stm32l4xx_hal_flash_ex.o(i.HAL_FLASHEx_Erase_IT), (148 bytes).
    Removing stm32l4xx_hal_flash_ex.o(i.HAL_FLASHEx_OBGetConfig), (148 bytes).
    Removing stm32l4xx_hal_flash_ex.o(i.HAL_FLASHEx_OBProgram), (278 bytes).
    Removing stm32l4xx_hal_flash_ramfunc.o(.rev16_text), (4 bytes).
    Removing stm32l4xx_hal_flash_ramfunc.o(.revsh_text), (4 bytes).
    Removing stm32l4xx_hal_flash_ramfunc.o(.rrx_text), (6 bytes).
    Removing stm32l4xx_hal_flash_ramfunc.o(i.HAL_FLASHEx_DisableRunPowerDown), (36 bytes).
    Removing stm32l4xx_hal_flash_ramfunc.o(i.HAL_FLASHEx_EnableRunPowerDown), (36 bytes).
    Removing stm32l4xx_hal_gpio.o(.rev16_text), (4 bytes).
    Removing stm32l4xx_hal_gpio.o(.revsh_text), (4 bytes).
    Removing stm32l4xx_hal_gpio.o(.rrx_text), (6 bytes).
    Removing stm32l4xx_hal_gpio.o(i.HAL_GPIO_DeInit), (282 bytes).
    Removing stm32l4xx_hal_gpio.o(i.HAL_GPIO_EXTI_Callback), (2 bytes).
    Removing stm32l4xx_hal_gpio.o(i.HAL_GPIO_EXTI_IRQHandler), (24 bytes).
    Removing stm32l4xx_hal_gpio.o(i.HAL_GPIO_LockPin), (34 bytes).
    Removing stm32l4xx_hal_gpio.o(i.HAL_GPIO_TogglePin), (14 bytes).
    Removing stm32l4xx_hal_dma.o(.rev16_text), (4 bytes).
    Removing stm32l4xx_hal_dma.o(.revsh_text), (4 bytes).
    Removing stm32l4xx_hal_dma.o(.rrx_text), (6 bytes).
    Removing stm32l4xx_hal_dma.o(i.DMA_SetConfig), (46 bytes).
    Removing stm32l4xx_hal_dma.o(i.HAL_DMA_Abort), (74 bytes).
    Removing stm32l4xx_hal_dma.o(i.HAL_DMA_DeInit), (156 bytes).
    Removing stm32l4xx_hal_dma.o(i.HAL_DMA_GetError), (4 bytes).
    Removing stm32l4xx_hal_dma.o(i.HAL_DMA_GetState), (6 bytes).
    Removing stm32l4xx_hal_dma.o(i.HAL_DMA_IRQHandler), (186 bytes).
    Removing stm32l4xx_hal_dma.o(i.HAL_DMA_Init), (192 bytes).
    Removing stm32l4xx_hal_dma.o(i.HAL_DMA_PollForTransfer), (222 bytes).
    Removing stm32l4xx_hal_dma.o(i.HAL_DMA_RegisterCallback), (74 bytes).
    Removing stm32l4xx_hal_dma.o(i.HAL_DMA_Start), (80 bytes).
    Removing stm32l4xx_hal_dma.o(i.HAL_DMA_Start_IT), (112 bytes).
    Removing stm32l4xx_hal_dma.o(i.HAL_DMA_UnRegisterCallback), (82 bytes).
    Removing stm32l4xx_hal_dma_ex.o(.rev16_text), (4 bytes).
    Removing stm32l4xx_hal_dma_ex.o(.revsh_text), (4 bytes).
    Removing stm32l4xx_hal_dma_ex.o(.rrx_text), (6 bytes).
    Removing stm32l4xx_hal_pwr.o(.rev16_text), (4 bytes).
    Removing stm32l4xx_hal_pwr.o(.revsh_text), (4 bytes).
    Removing stm32l4xx_hal_pwr.o(.rrx_text), (6 bytes).
    Removing stm32l4xx_hal_pwr.o(i.HAL_PWR_ConfigPVD), (128 bytes).
    Removing stm32l4xx_hal_pwr.o(i.HAL_PWR_DeInit), (24 bytes).
    Removing stm32l4xx_hal_pwr.o(i.HAL_PWR_DisableBkUpAccess), (16 bytes).
    Removing stm32l4xx_hal_pwr.o(i.HAL_PWR_DisablePVD), (16 bytes).
    Removing stm32l4xx_hal_pwr.o(i.HAL_PWR_DisableSEVOnPend), (16 bytes).
    Removing stm32l4xx_hal_pwr.o(i.HAL_PWR_DisableSleepOnExit), (16 bytes).
    Removing stm32l4xx_hal_pwr.o(i.HAL_PWR_DisableWakeUpPin), (20 bytes).
    Removing stm32l4xx_hal_pwr.o(i.HAL_PWR_EnablePVD), (16 bytes).
    Removing stm32l4xx_hal_pwr.o(i.HAL_PWR_EnableSEVOnPend), (16 bytes).
    Removing stm32l4xx_hal_pwr.o(i.HAL_PWR_EnableSleepOnExit), (16 bytes).
    Removing stm32l4xx_hal_pwr.o(i.HAL_PWR_EnableWakeUpPin), (28 bytes).
    Removing stm32l4xx_hal_pwr.o(i.HAL_PWR_EnterSLEEPMode), (72 bytes).
    Removing stm32l4xx_hal_pwr.o(i.HAL_PWR_EnterSTANDBYMode), (36 bytes).
    Removing stm32l4xx_hal_pwr.o(i.HAL_PWR_EnterSTOPMode), (16 bytes).
    Removing stm32l4xx_hal_pwr.o(i.HAL_PWR_PVDCallback), (2 bytes).
    Removing stm32l4xx_hal_pwr_ex.o(.rev16_text), (4 bytes).
    Removing stm32l4xx_hal_pwr_ex.o(.revsh_text), (4 bytes).
    Removing stm32l4xx_hal_pwr_ex.o(.rrx_text), (6 bytes).
    Removing stm32l4xx_hal_pwr_ex.o(i.HAL_PWREx_ConfigPVM), (304 bytes).
    Removing stm32l4xx_hal_pwr_ex.o(i.HAL_PWREx_DisableBatteryCharging), (16 bytes).
    Removing stm32l4xx_hal_pwr_ex.o(i.HAL_PWREx_DisableGPIOPullDown), (76 bytes).
    Removing stm32l4xx_hal_pwr_ex.o(i.HAL_PWREx_DisableGPIOPullUp), (72 bytes).
    Removing stm32l4xx_hal_pwr_ex.o(i.HAL_PWREx_DisableInternalWakeUpLine), (16 bytes).
    Removing stm32l4xx_hal_pwr_ex.o(i.HAL_PWREx_DisableLowPowerRunMode), (68 bytes).
    Removing stm32l4xx_hal_pwr_ex.o(i.HAL_PWREx_DisablePVM1), (16 bytes).
    Removing stm32l4xx_hal_pwr_ex.o(i.HAL_PWREx_DisablePVM3), (16 bytes).
    Removing stm32l4xx_hal_pwr_ex.o(i.HAL_PWREx_DisablePVM4), (16 bytes).
    Removing stm32l4xx_hal_pwr_ex.o(i.HAL_PWREx_DisablePullUpPullDownConfig), (16 bytes).
    Removing stm32l4xx_hal_pwr_ex.o(i.HAL_PWREx_DisableSRAM2ContentRetention), (6 bytes).
    Removing stm32l4xx_hal_pwr_ex.o(i.HAL_PWREx_DisableVddUSB), (16 bytes).
    Removing stm32l4xx_hal_pwr_ex.o(i.HAL_PWREx_EnableBatteryCharging), (28 bytes).
    Removing stm32l4xx_hal_pwr_ex.o(i.HAL_PWREx_EnableGPIOPullDown), (104 bytes).
    Removing stm32l4xx_hal_pwr_ex.o(i.HAL_PWREx_EnableGPIOPullUp), (104 bytes).
    Removing stm32l4xx_hal_pwr_ex.o(i.HAL_PWREx_EnableInternalWakeUpLine), (16 bytes).
    Removing stm32l4xx_hal_pwr_ex.o(i.HAL_PWREx_EnableLowPowerRunMode), (16 bytes).
    Removing stm32l4xx_hal_pwr_ex.o(i.HAL_PWREx_EnablePVM1), (16 bytes).
    Removing stm32l4xx_hal_pwr_ex.o(i.HAL_PWREx_EnablePVM3), (16 bytes).
    Removing stm32l4xx_hal_pwr_ex.o(i.HAL_PWREx_EnablePVM4), (16 bytes).
    Removing stm32l4xx_hal_pwr_ex.o(i.HAL_PWREx_EnablePullUpPullDownConfig), (16 bytes).
    Removing stm32l4xx_hal_pwr_ex.o(i.HAL_PWREx_EnableSRAM2ContentRetention), (8 bytes).
    Removing stm32l4xx_hal_pwr_ex.o(i.HAL_PWREx_EnableVddUSB), (16 bytes).
    Removing stm32l4xx_hal_pwr_ex.o(i.HAL_PWREx_EnterSHUTDOWNMode), (36 bytes).
    Removing stm32l4xx_hal_pwr_ex.o(i.HAL_PWREx_EnterSTOP0Mode), (52 bytes).
    Removing stm32l4xx_hal_pwr_ex.o(i.HAL_PWREx_EnterSTOP1Mode), (56 bytes).
    Removing stm32l4xx_hal_pwr_ex.o(i.HAL_PWREx_EnterSTOP2Mode), (56 bytes).
    Removing stm32l4xx_hal_pwr_ex.o(i.HAL_PWREx_PVD_PVM_IRQHandler), (72 bytes).
    Removing stm32l4xx_hal_pwr_ex.o(i.HAL_PWREx_PVM1Callback), (2 bytes).
    Removing stm32l4xx_hal_pwr_ex.o(i.HAL_PWREx_PVM3Callback), (2 bytes).
    Removing stm32l4xx_hal_pwr_ex.o(i.HAL_PWREx_PVM4Callback), (2 bytes).
    Removing stm32l4xx_hal_pwr_ex.o(i.HAL_PWREx_SetSRAM2ContentRetention), (40 bytes).
    Removing stm32l4xx_hal_cortex.o(.rev16_text), (4 bytes).
    Removing stm32l4xx_hal_cortex.o(.revsh_text), (4 bytes).
    Removing stm32l4xx_hal_cortex.o(.rrx_text), (6 bytes).
    Removing stm32l4xx_hal_cortex.o(i.HAL_MPU_ConfigRegion), (84 bytes).
    Removing stm32l4xx_hal_cortex.o(i.HAL_MPU_Disable), (16 bytes).
    Removing stm32l4xx_hal_cortex.o(i.HAL_MPU_Enable), (24 bytes).
    Removing stm32l4xx_hal_cortex.o(i.HAL_NVIC_ClearPendingIRQ), (26 bytes).
    Removing stm32l4xx_hal_cortex.o(i.HAL_NVIC_DisableIRQ), (34 bytes).
    Removing stm32l4xx_hal_cortex.o(i.HAL_NVIC_GetActive), (36 bytes).
    Removing stm32l4xx_hal_cortex.o(i.HAL_NVIC_GetPendingIRQ), (36 bytes).
    Removing stm32l4xx_hal_cortex.o(i.HAL_NVIC_GetPriority), (82 bytes).
    Removing stm32l4xx_hal_cortex.o(i.HAL_NVIC_GetPriorityGrouping), (16 bytes).
    Removing stm32l4xx_hal_cortex.o(i.HAL_NVIC_SetPendingIRQ), (26 bytes).
    Removing stm32l4xx_hal_cortex.o(i.HAL_NVIC_SystemReset), (36 bytes).
    Removing stm32l4xx_hal_cortex.o(i.HAL_SYSTICK_CLKSourceConfig), (24 bytes).
    Removing stm32l4xx_hal_cortex.o(i.HAL_SYSTICK_Callback), (2 bytes).
    Removing stm32l4xx_hal_cortex.o(i.HAL_SYSTICK_IRQHandler), (8 bytes).
    Removing stm32l4xx_hal_exti.o(.rev16_text), (4 bytes).
    Removing stm32l4xx_hal_exti.o(.revsh_text), (4 bytes).
    Removing stm32l4xx_hal_exti.o(.rrx_text), (6 bytes).
    Removing stm32l4xx_hal_exti.o(i.HAL_EXTI_ClearConfigLine), (128 bytes).
    Removing stm32l4xx_hal_exti.o(i.HAL_EXTI_ClearPending), (28 bytes).
    Removing stm32l4xx_hal_exti.o(i.HAL_EXTI_GenerateSWI), (28 bytes).
    Removing stm32l4xx_hal_exti.o(i.HAL_EXTI_GetConfigLine), (172 bytes).
    Removing stm32l4xx_hal_exti.o(i.HAL_EXTI_GetHandle), (12 bytes).
    Removing stm32l4xx_hal_exti.o(i.HAL_EXTI_GetPending), (32 bytes).
    Removing stm32l4xx_hal_exti.o(i.HAL_EXTI_IRQHandler), (44 bytes).
    Removing stm32l4xx_hal_exti.o(i.HAL_EXTI_RegisterCallback), (14 bytes).
    Removing stm32l4xx_hal_exti.o(i.HAL_EXTI_SetConfigLine), (176 bytes).
    Removing system_stm32l4xx.o(.rev16_text), (4 bytes).
    Removing system_stm32l4xx.o(.revsh_text), (4 bytes).
    Removing system_stm32l4xx.o(.rrx_text), (6 bytes).
    Removing system_stm32l4xx.o(i.SystemCoreClockUpdate), (168 bytes).

415 unused section(s) (total 27610 bytes) removed from the image.

==============================================================================

Image Symbol Table

    Local Symbols

    Symbol Name                              Value     Ov Type        Size  Object(Section)

    ../Drivers/STM32L4xx_HAL_Driver/Src/stm32l4xx_hal.c 0x00000000   Number         0  stm32l4xx_hal.o ABSOLUTE
    ../Drivers/STM32L4xx_HAL_Driver/Src/stm32l4xx_hal_cortex.c 0x00000000   Number         0  stm32l4xx_hal_cortex.o ABSOLUTE
    ../Drivers/STM32L4xx_HAL_Driver/Src/stm32l4xx_hal_dma.c 0x00000000   Number         0  stm32l4xx_hal_dma.o ABSOLUTE
    ../Drivers/STM32L4xx_HAL_Driver/Src/stm32l4xx_hal_dma_ex.c 0x00000000   Number         0  stm32l4xx_hal_dma_ex.o ABSOLUTE
    ../Drivers/STM32L4xx_HAL_Driver/Src/stm32l4xx_hal_exti.c 0x00000000   Number         0  stm32l4xx_hal_exti.o ABSOLUTE
    ../Drivers/STM32L4xx_HAL_Driver/Src/stm32l4xx_hal_flash.c 0x00000000   Number         0  stm32l4xx_hal_flash.o ABSOLUTE
    ../Drivers/STM32L4xx_HAL_Driver/Src/stm32l4xx_hal_flash_ex.c 0x00000000   Number         0  stm32l4xx_hal_flash_ex.o ABSOLUTE
    ../Drivers/STM32L4xx_HAL_Driver/Src/stm32l4xx_hal_flash_ramfunc.c 0x00000000   Number         0  stm32l4xx_hal_flash_ramfunc.o ABSOLUTE
    ../Drivers/STM32L4xx_HAL_Driver/Src/stm32l4xx_hal_gpio.c 0x00000000   Number         0  stm32l4xx_hal_gpio.o ABSOLUTE
    ../Drivers/STM32L4xx_HAL_Driver/Src/stm32l4xx_hal_i2c.c 0x00000000   Number         0  stm32l4xx_hal_i2c.o ABSOLUTE
    ../Drivers/STM32L4xx_HAL_Driver/Src/stm32l4xx_hal_i2c_ex.c 0x00000000   Number         0  stm32l4xx_hal_i2c_ex.o ABSOLUTE
    ../Drivers/STM32L4xx_HAL_Driver/Src/stm32l4xx_hal_pwr.c 0x00000000   Number         0  stm32l4xx_hal_pwr.o ABSOLUTE
    ../Drivers/STM32L4xx_HAL_Driver/Src/stm32l4xx_hal_pwr_ex.c 0x00000000   Number         0  stm32l4xx_hal_pwr_ex.o ABSOLUTE
    ../Drivers/STM32L4xx_HAL_Driver/Src/stm32l4xx_hal_rcc.c 0x00000000   Number         0  stm32l4xx_hal_rcc.o ABSOLUTE
    ../Drivers/STM32L4xx_HAL_Driver/Src/stm32l4xx_hal_rcc_ex.c 0x00000000   Number         0  stm32l4xx_hal_rcc_ex.o ABSOLUTE
    ../Drivers/STM32L4xx_HAL_Driver/Src/stm32l4xx_hal_tim.c 0x00000000   Number         0  stm32l4xx_hal_tim.o ABSOLUTE
    ../Drivers/STM32L4xx_HAL_Driver/Src/stm32l4xx_hal_tim_ex.c 0x00000000   Number         0  stm32l4xx_hal_tim_ex.o ABSOLUTE
    ../Drivers/STM32L4xx_HAL_Driver/Src/stm32l4xx_hal_uart.c 0x00000000   Number         0  stm32l4xx_hal_uart.o ABSOLUTE
    ../Drivers/STM32L4xx_HAL_Driver/Src/stm32l4xx_hal_uart_ex.c 0x00000000   Number         0  stm32l4xx_hal_uart_ex.o ABSOLUTE
    ../Src/main.c                            0x00000000   Number         0  main.o ABSOLUTE
    ../Src/stm32l4xx_hal_msp.c               0x00000000   Number         0  stm32l4xx_hal_msp.o ABSOLUTE
    ../Src/stm32l4xx_it.c                    0x00000000   Number         0  stm32l4xx_it.o ABSOLUTE
    ../Src/system_stm32l4xx.c                0x00000000   Number         0  system_stm32l4xx.o ABSOLUTE
    ../clib/microlib/division.c              0x00000000   Number         0  uidiv.o ABSOLUTE
    ../clib/microlib/division.c              0x00000000   Number         0  uldiv.o ABSOLUTE
    ../clib/microlib/init/entry.s            0x00000000   Number         0  entry8b.o ABSOLUTE
    ../clib/microlib/init/entry.s            0x00000000   Number         0  entry2.o ABSOLUTE
    ../clib/microlib/init/entry.s            0x00000000   Number         0  entry7b.o ABSOLUTE
    ../clib/microlib/init/entry.s            0x00000000   Number         0  entry9a.o ABSOLUTE
    ../clib/microlib/init/entry.s            0x00000000   Number         0  entry9b.o ABSOLUTE
    ../clib/microlib/init/entry.s            0x00000000   Number         0  entry10a.o ABSOLUTE
    ../clib/microlib/init/entry.s            0x00000000   Number         0  entry10b.o ABSOLUTE
    ../clib/microlib/init/entry.s            0x00000000   Number         0  entry11b.o ABSOLUTE
    ../clib/microlib/init/entry.s            0x00000000   Number         0  entry5.o ABSOLUTE
    ../clib/microlib/init/entry.s            0x00000000   Number         0  entry.o ABSOLUTE
    ../clib/microlib/init/entry.s            0x00000000   Number         0  entry7a.o ABSOLUTE
    ../clib/microlib/init/entry.s            0x00000000   Number         0  entry11a.o ABSOLUTE
    ../clib/microlib/init/entry.s            0x00000000   Number         0  entry8a.o ABSOLUTE
    ../clib/microlib/longlong.c              0x00000000   Number         0  llsshr.o ABSOLUTE
    ../clib/microlib/longlong.c              0x00000000   Number         0  llushr.o ABSOLUTE
    ../clib/microlib/longlong.c              0x00000000   Number         0  llshl.o ABSOLUTE
    ../clib/microlib/printf/printf.c         0x00000000   Number         0  printfb.o ABSOLUTE
    ../clib/microlib/printf/printf.c         0x00000000   Number         0  printf0.o ABSOLUTE
    ../clib/microlib/printf/printf.c         0x00000000   Number         0  printf5.o ABSOLUTE
    ../clib/microlib/printf/printf.c         0x00000000   Number         0  printf2.o ABSOLUTE
    ../clib/microlib/printf/printf.c         0x00000000   Number         0  printf4.o ABSOLUTE
    ../clib/microlib/printf/printf.c         0x00000000   Number         0  printf3.o ABSOLUTE
    ../clib/microlib/printf/printf.c         0x00000000   Number         0  printf6.o ABSOLUTE
    ../clib/microlib/printf/printf.c         0x00000000   Number         0  printf7.o ABSOLUTE
    ../clib/microlib/printf/printf.c         0x00000000   Number         0  printf8.o ABSOLUTE
    ../clib/microlib/printf/printf.c         0x00000000   Number         0  printfa.o ABSOLUTE
    ../clib/microlib/printf/printf.c         0x00000000   Number         0  printf1.o ABSOLUTE
    ../clib/microlib/printf/stubs.s          0x00000000   Number         0  stubs.o ABSOLUTE
    ../clib/microlib/stdio/streams.c         0x00000000   Number         0  stdout.o ABSOLUTE
    ../clib/microlib/string/memset.c         0x00000000   Number         0  memseta.o ABSOLUTE
    ../clib/microlib/stubs.s                 0x00000000   Number         0  iusefp.o ABSOLUTE
    ../fplib/microlib/d2f.c                  0x00000000   Number         0  d2f.o ABSOLUTE
    ../fplib/microlib/f2d.c                  0x00000000   Number         0  f2d.o ABSOLUTE
    ../fplib/microlib/fpadd.c                0x00000000   Number         0  dadd.o ABSOLUTE
    ../fplib/microlib/fpdiv.c                0x00000000   Number         0  ddiv.o ABSOLUTE
    ../fplib/microlib/fpepilogue.c           0x00000000   Number         0  fepilogue.o ABSOLUTE
    ../fplib/microlib/fpepilogue.c           0x00000000   Number         0  depilogue.o ABSOLUTE
    ../fplib/microlib/fpfix.c                0x00000000   Number         0  dfixul.o ABSOLUTE
    ../fplib/microlib/fpflt.c                0x00000000   Number         0  dfltui.o ABSOLUTE
    ../fplib/microlib/fpmul.c                0x00000000   Number         0  dmul.o ABSOLUTE
    ..\Drivers\STM32L4xx_HAL_Driver\Src\stm32l4xx_hal.c 0x00000000   Number         0  stm32l4xx_hal.o ABSOLUTE
    ..\Drivers\STM32L4xx_HAL_Driver\Src\stm32l4xx_hal_cortex.c 0x00000000   Number         0  stm32l4xx_hal_cortex.o ABSOLUTE
    ..\Drivers\STM32L4xx_HAL_Driver\Src\stm32l4xx_hal_dma.c 0x00000000   Number         0  stm32l4xx_hal_dma.o ABSOLUTE
    ..\Drivers\STM32L4xx_HAL_Driver\Src\stm32l4xx_hal_dma_ex.c 0x00000000   Number         0  stm32l4xx_hal_dma_ex.o ABSOLUTE
    ..\Drivers\STM32L4xx_HAL_Driver\Src\stm32l4xx_hal_exti.c 0x00000000   Number         0  stm32l4xx_hal_exti.o ABSOLUTE
    ..\Drivers\STM32L4xx_HAL_Driver\Src\stm32l4xx_hal_flash.c 0x00000000   Number         0  stm32l4xx_hal_flash.o ABSOLUTE
    ..\Drivers\STM32L4xx_HAL_Driver\Src\stm32l4xx_hal_flash_ex.c 0x00000000   Number         0  stm32l4xx_hal_flash_ex.o ABSOLUTE
    ..\Drivers\STM32L4xx_HAL_Driver\Src\stm32l4xx_hal_flash_ramfunc.c 0x00000000   Number         0  stm32l4xx_hal_flash_ramfunc.o ABSOLUTE
    ..\Drivers\STM32L4xx_HAL_Driver\Src\stm32l4xx_hal_gpio.c 0x00000000   Number         0  stm32l4xx_hal_gpio.o ABSOLUTE
    ..\Drivers\STM32L4xx_HAL_Driver\Src\stm32l4xx_hal_i2c.c 0x00000000   Number         0  stm32l4xx_hal_i2c.o ABSOLUTE
    ..\Drivers\STM32L4xx_HAL_Driver\Src\stm32l4xx_hal_i2c_ex.c 0x00000000   Number         0  stm32l4xx_hal_i2c_ex.o ABSOLUTE
    ..\Drivers\STM32L4xx_HAL_Driver\Src\stm32l4xx_hal_pwr.c 0x00000000   Number         0  stm32l4xx_hal_pwr.o ABSOLUTE
    ..\Drivers\STM32L4xx_HAL_Driver\Src\stm32l4xx_hal_pwr_ex.c 0x00000000   Number         0  stm32l4xx_hal_pwr_ex.o ABSOLUTE
    ..\Drivers\STM32L4xx_HAL_Driver\Src\stm32l4xx_hal_rcc.c 0x00000000   Number         0  stm32l4xx_hal_rcc.o ABSOLUTE
    ..\Drivers\STM32L4xx_HAL_Driver\Src\stm32l4xx_hal_rcc_ex.c 0x00000000   Number         0  stm32l4xx_hal_rcc_ex.o ABSOLUTE
    ..\Drivers\STM32L4xx_HAL_Driver\Src\stm32l4xx_hal_tim.c 0x00000000   Number         0  stm32l4xx_hal_tim.o ABSOLUTE
    ..\Drivers\STM32L4xx_HAL_Driver\Src\stm32l4xx_hal_tim_ex.c 0x00000000   Number         0  stm32l4xx_hal_tim_ex.o ABSOLUTE
    ..\Drivers\STM32L4xx_HAL_Driver\Src\stm32l4xx_hal_uart.c 0x00000000   Number         0  stm32l4xx_hal_uart.o ABSOLUTE
    ..\Drivers\STM32L4xx_HAL_Driver\Src\stm32l4xx_hal_uart_ex.c 0x00000000   Number         0  stm32l4xx_hal_uart_ex.o ABSOLUTE
    ..\Src\I2C_gpio.c                        0x00000000   Number         0  i2c_gpio.o ABSOLUTE
    ..\Src\I2C_sensors.c                     0x00000000   Number         0  i2c_sensors.o ABSOLUTE
    ..\Src\Sensor_CCS811.c                   0x00000000   Number         0  sensor_ccs811.o ABSOLUTE
    ..\Src\bsp_led.c                         0x00000000   Number         0  bsp_led.o ABSOLUTE
    ..\Src\bsp_uart.c                        0x00000000   Number         0  bsp_uart.o ABSOLUTE
    ..\Src\main.c                            0x00000000   Number         0  main.o ABSOLUTE
    ..\Src\stm32l4xx_hal_msp.c               0x00000000   Number         0  stm32l4xx_hal_msp.o ABSOLUTE
    ..\Src\stm32l4xx_it.c                    0x00000000   Number         0  stm32l4xx_it.o ABSOLUTE
    ..\Src\system_stm32l4xx.c                0x00000000   Number         0  system_stm32l4xx.o ABSOLUTE
    ..\\Src\\I2C_gpio.c                      0x00000000   Number         0  i2c_gpio.o ABSOLUTE
    ..\\Src\\I2C_sensors.c                   0x00000000   Number         0  i2c_sensors.o ABSOLUTE
    ..\\Src\\Sensor_CCS811.c                 0x00000000   Number         0  sensor_ccs811.o ABSOLUTE
    ..\\Src\\bsp_led.c                       0x00000000   Number         0  bsp_led.o ABSOLUTE
    ..\\Src\\bsp_uart.c                      0x00000000   Number         0  bsp_uart.o ABSOLUTE
    cdrcmple.s                               0x00000000   Number         0  cdrcmple.o ABSOLUTE
    dc.s                                     0x00000000   Number         0  dc.o ABSOLUTE
    handlers.s                               0x00000000   Number         0  handlers.o ABSOLUTE
    init.s                                   0x00000000   Number         0  init.o ABSOLUTE
    startup_stm32l432xx.s                    0x00000000   Number         0  startup_stm32l432xx.o ABSOLUTE
    RESET                                    0x08000000   Section      396  startup_stm32l432xx.o(RESET)
    .ARM.Collect$$$$00000000                 0x0800018c   Section        0  entry.o(.ARM.Collect$$$$00000000)
    .ARM.Collect$$$$00000001                 0x0800018c   Section        4  entry2.o(.ARM.Collect$$$$00000001)
    .ARM.Collect$$$$00000004                 0x08000190   Section        4  entry5.o(.ARM.Collect$$$$00000004)
    .ARM.Collect$$$$00000008                 0x08000194   Section        0  entry7b.o(.ARM.Collect$$$$00000008)
    .ARM.Collect$$$$0000000A                 0x08000194   Section        0  entry8b.o(.ARM.Collect$$$$0000000A)
    .ARM.Collect$$$$0000000B                 0x08000194   Section        8  entry9a.o(.ARM.Collect$$$$0000000B)
    .ARM.Collect$$$$0000000D                 0x0800019c   Section        0  entry10a.o(.ARM.Collect$$$$0000000D)
    .ARM.Collect$$$$0000000F                 0x0800019c   Section        0  entry11a.o(.ARM.Collect$$$$0000000F)
    .ARM.Collect$$$$00002712                 0x0800019c   Section        4  entry2.o(.ARM.Collect$$$$00002712)
    __lit__00000000                          0x0800019c   Data           4  entry2.o(.ARM.Collect$$$$00002712)
    .text                                    0x080001a0   Section       36  startup_stm32l432xx.o(.text)
    $v0                                      0x080001a0   Number         0  startup_stm32l432xx.o(.text)
    .text                                    0x080001c4   Section        0  uldiv.o(.text)
    .text                                    0x0800022c   Section        0  memseta.o(.text)
    .text                                    0x08000250   Section        0  ddiv.o(.text)
    .text                                    0x0800032e   Section        0  dfltui.o(.text)
    .text                                    0x08000348   Section        0  f2d.o(.text)
    .text                                    0x0800036e   Section        0  d2f.o(.text)
    .text                                    0x080003a6   Section        0  uidiv.o(.text)
    .text                                    0x080003d2   Section        0  llshl.o(.text)
    .text                                    0x080003f0   Section        0  llushr.o(.text)
    .text                                    0x08000410   Section        0  fepilogue.o(.text)
    .text                                    0x08000410   Section        0  iusefp.o(.text)
    .text                                    0x0800047e   Section        0  depilogue.o(.text)
    .text                                    0x08000538   Section        0  dadd.o(.text)
    .text                                    0x08000696   Section        0  dmul.o(.text)
    .text                                    0x08000780   Section        0  dfixul.o(.text)
    .text                                    0x080007b0   Section       48  cdrcmple.o(.text)
    .text                                    0x080007e0   Section       36  init.o(.text)
    .text                                    0x08000804   Section        0  llsshr.o(.text)
    i.BH1750_Config                          0x08000828   Section        0  i2c_sensors.o(i.BH1750_Config)
    i.BH1750_ConvertResult                   0x0800082c   Section        0  i2c_sensors.o(i.BH1750_ConvertResult)
    i.BH1750_ReadData                        0x08000854   Section        0  i2c_sensors.o(i.BH1750_ReadData)
    i.BH1750_Start                           0x0800085e   Section        0  i2c_sensors.o(i.BH1750_Start)
    i.BH1750_WaitingData_ms                  0x08000874   Section        0  i2c_sensors.o(i.BH1750_WaitingData_ms)
    i.BusFault_Handler                       0x0800087a   Section        0  stm32l4xx_it.o(i.BusFault_Handler)
    i.CCS811ClearData                        0x0800087c   Section        0  sensor_ccs811.o(i.CCS811ClearData)
    i.CCS811GetData                          0x08000890   Section        0  sensor_ccs811.o(i.CCS811GetData)
    i.CCS811_CS_GPIO_Config                  0x08000930   Section        0  sensor_ccs811.o(i.CCS811_CS_GPIO_Config)
    i.CCS811_Config                          0x0800097c   Section        0  sensor_ccs811.o(i.CCS811_Config)
    i.DEBUG_UART_Config                      0x08000c40   Section        0  bsp_uart.o(i.DEBUG_UART_Config)
    i.DebugMon_Handler                       0x08000cf8   Section        0  stm32l4xx_it.o(i.DebugMon_Handler)
    i.HAL_DMA_Abort_IT                       0x08000cfa   Section        0  stm32l4xx_hal_dma.o(i.HAL_DMA_Abort_IT)
    i.HAL_Delay                              0x08000d48   Section        0  stm32l4xx_hal.o(i.HAL_Delay)
    i.HAL_GPIO_Init                          0x08000d6c   Section        0  stm32l4xx_hal_gpio.o(i.HAL_GPIO_Init)
    i.HAL_GPIO_ReadPin                       0x08000f0e   Section        0  stm32l4xx_hal_gpio.o(i.HAL_GPIO_ReadPin)
    i.HAL_GPIO_WritePin                      0x08000f18   Section        0  stm32l4xx_hal_gpio.o(i.HAL_GPIO_WritePin)
    i.HAL_GetTick                            0x08000f24   Section        0  stm32l4xx_hal.o(i.HAL_GetTick)
    i.HAL_IncTick                            0x08000f30   Section        0  stm32l4xx_hal.o(i.HAL_IncTick)
    i.HAL_Init                               0x08000f40   Section        0  stm32l4xx_hal.o(i.HAL_Init)
    i.HAL_InitTick                           0x08000f60   Section        0  stm32l4xx_hal.o(i.HAL_InitTick)
    i.HAL_MspInit                            0x08000fa4   Section        0  stm32l4xx_hal_msp.o(i.HAL_MspInit)
    i.HAL_NVIC_EnableIRQ                     0x08000fd0   Section        0  stm32l4xx_hal_cortex.o(i.HAL_NVIC_EnableIRQ)
    i.HAL_NVIC_SetPriority                   0x08000fec   Section        0  stm32l4xx_hal_cortex.o(i.HAL_NVIC_SetPriority)
    i.HAL_NVIC_SetPriorityGrouping           0x0800102c   Section        0  stm32l4xx_hal_cortex.o(i.HAL_NVIC_SetPriorityGrouping)
    i.HAL_PWREx_ControlVoltageScaling        0x08001050   Section        0  stm32l4xx_hal_pwr_ex.o(i.HAL_PWREx_ControlVoltageScaling)
    i.HAL_PWREx_GetVoltageRange              0x080010b8   Section        0  stm32l4xx_hal_pwr_ex.o(i.HAL_PWREx_GetVoltageRange)
    i.HAL_PWR_EnableBkUpAccess               0x080010c8   Section        0  stm32l4xx_hal_pwr.o(i.HAL_PWR_EnableBkUpAccess)
    i.HAL_RCCEx_EnableMSIPLLMode             0x080010d8   Section        0  stm32l4xx_hal_rcc_ex.o(i.HAL_RCCEx_EnableMSIPLLMode)
    i.HAL_RCCEx_PeriphCLKConfig              0x080010e8   Section        0  stm32l4xx_hal_rcc_ex.o(i.HAL_RCCEx_PeriphCLKConfig)
    i.HAL_RCC_ClockConfig                    0x08001374   Section        0  stm32l4xx_hal_rcc.o(i.HAL_RCC_ClockConfig)
    i.HAL_RCC_GetPCLK1Freq                   0x08001494   Section        0  stm32l4xx_hal_rcc.o(i.HAL_RCC_GetPCLK1Freq)
    i.HAL_RCC_GetPCLK2Freq                   0x080014b8   Section        0  stm32l4xx_hal_rcc.o(i.HAL_RCC_GetPCLK2Freq)
    i.HAL_RCC_GetSysClockFreq                0x080014dc   Section        0  stm32l4xx_hal_rcc.o(i.HAL_RCC_GetSysClockFreq)
    i.HAL_RCC_OscConfig                      0x08001580   Section        0  stm32l4xx_hal_rcc.o(i.HAL_RCC_OscConfig)
    i.HAL_SYSTICK_Config                     0x08001aec   Section        0  stm32l4xx_hal_cortex.o(i.HAL_SYSTICK_Config)
    i.HAL_UARTEx_WakeupCallback              0x08001b14   Section        0  stm32l4xx_hal_uart_ex.o(i.HAL_UARTEx_WakeupCallback)
    i.HAL_UART_ErrorCallback                 0x08001b16   Section        0  stm32l4xx_hal_uart.o(i.HAL_UART_ErrorCallback)
    i.HAL_UART_IRQHandler                    0x08001b18   Section        0  stm32l4xx_hal_uart.o(i.HAL_UART_IRQHandler)
    i.HAL_UART_Init                          0x08001c78   Section        0  stm32l4xx_hal_uart.o(i.HAL_UART_Init)
    i.HAL_UART_MspInit                       0x08001cde   Section        0  stm32l4xx_hal_uart.o(i.HAL_UART_MspInit)
    i.HAL_UART_Transmit                      0x08001ce0   Section        0  stm32l4xx_hal_uart.o(i.HAL_UART_Transmit)
    i.HAL_UART_TxCpltCallback                0x08001d96   Section        0  stm32l4xx_hal_uart.o(i.HAL_UART_TxCpltCallback)
    i.HDC1080_Config                         0x08001d98   Section        0  i2c_sensors.o(i.HDC1080_Config)
    i.HDC1080_ConvertResult                  0x08001db4   Section        0  i2c_sensors.o(i.HDC1080_ConvertResult)
    i.HDC1080_ReadData                       0x08001e20   Section        0  i2c_sensors.o(i.HDC1080_ReadData)
    i.HDC1080_Start                          0x08001e2a   Section        0  i2c_sensors.o(i.HDC1080_Start)
    i.HDC1080_WaitingData_ms                 0x08001e32   Section        0  i2c_sensors.o(i.HDC1080_WaitingData_ms)
    i.HardFault_Handler                      0x08001e38   Section        0  stm32l4xx_it.o(i.HardFault_Handler)
    i.I2C_BUS_1_Ack                          0x08001e3a   Section        0  i2c_gpio.o(i.I2C_BUS_1_Ack)
    i.I2C_BUS_1_Config                       0x08001e74   Section        0  i2c_gpio.o(i.I2C_BUS_1_Config)
    i.I2C_BUS_1_NAck                         0x08001ee4   Section        0  i2c_gpio.o(i.I2C_BUS_1_NAck)
    i.I2C_BUS_1_ReadByte                     0x08001f1e   Section        0  i2c_gpio.o(i.I2C_BUS_1_ReadByte)
    i.I2C_BUS_1_ReadDevice_Post              0x08001f76   Section        0  i2c_gpio.o(i.I2C_BUS_1_ReadDevice_Post)
    i.I2C_BUS_1_ReadDevice_Pre               0x08001fc0   Section        0  i2c_gpio.o(i.I2C_BUS_1_ReadDevice_Pre)
    i.I2C_BUS_1_SendByte                     0x08001ff4   Section        0  i2c_gpio.o(i.I2C_BUS_1_SendByte)
    i.I2C_BUS_1_Start                        0x08002048   Section        0  i2c_gpio.o(i.I2C_BUS_1_Start)
    i.I2C_BUS_1_Stop                         0x080020ac   Section        0  i2c_gpio.o(i.I2C_BUS_1_Stop)
    i.I2C_BUS_1_WaitAck                      0x080020f0   Section        0  i2c_gpio.o(i.I2C_BUS_1_WaitAck)
    i.I2C_BUS_2_Ack                          0x08002158   Section        0  i2c_gpio.o(i.I2C_BUS_2_Ack)
    i.I2C_BUS_2_Config                       0x08002194   Section        0  i2c_gpio.o(i.I2C_BUS_2_Config)
    i.I2C_BUS_2_NAck                         0x08002204   Section        0  i2c_gpio.o(i.I2C_BUS_2_NAck)
    i.I2C_BUS_2_ReadByte                     0x0800223e   Section        0  i2c_gpio.o(i.I2C_BUS_2_ReadByte)
    i.I2C_BUS_2_ReadDevice_Post              0x08002296   Section        0  i2c_gpio.o(i.I2C_BUS_2_ReadDevice_Post)
    i.I2C_BUS_2_ReadDevice_Pre               0x080022e0   Section        0  i2c_gpio.o(i.I2C_BUS_2_ReadDevice_Pre)
    i.I2C_BUS_2_SendByte                     0x08002314   Section        0  i2c_gpio.o(i.I2C_BUS_2_SendByte)
    i.I2C_BUS_2_Start                        0x08002368   Section        0  i2c_gpio.o(i.I2C_BUS_2_Start)
    i.I2C_BUS_2_Stop                         0x080023cc   Section        0  i2c_gpio.o(i.I2C_BUS_2_Stop)
    i.I2C_BUS_2_WaitAck                      0x08002410   Section        0  i2c_gpio.o(i.I2C_BUS_2_WaitAck)
    i.I2C_BUS_2_WriteDevice                  0x08002478   Section        0  i2c_gpio.o(i.I2C_BUS_2_WriteDevice)
    i.I2C_BUS_2_WriteDevide_SingleByte       0x080024cc   Section        0  i2c_gpio.o(i.I2C_BUS_2_WriteDevide_SingleByte)
    i.LED_TEST_Config                        0x08002510   Section        0  bsp_led.o(i.LED_TEST_Config)
    i.MemManage_Handler                      0x0800255c   Section        0  stm32l4xx_it.o(i.MemManage_Handler)
    i.NMI_Handler                            0x0800255e   Section        0  stm32l4xx_it.o(i.NMI_Handler)
    i.PendSV_Handler                         0x08002560   Section        0  stm32l4xx_it.o(i.PendSV_Handler)
    i.RCCEx_PLLSAI1_Config                   0x08002564   Section        0  stm32l4xx_hal_rcc_ex.o(i.RCCEx_PLLSAI1_Config)
    RCCEx_PLLSAI1_Config                     0x08002565   Thumb Code   278  stm32l4xx_hal_rcc_ex.o(i.RCCEx_PLLSAI1_Config)
    i.RCC_SetFlashLatencyFromMSIRange        0x08002690   Section        0  stm32l4xx_hal_rcc.o(i.RCC_SetFlashLatencyFromMSIRange)
    RCC_SetFlashLatencyFromMSIRange          0x08002691   Thumb Code   116  stm32l4xx_hal_rcc.o(i.RCC_SetFlashLatencyFromMSIRange)
    i.SVC_Handler                            0x0800270c   Section        0  stm32l4xx_it.o(i.SVC_Handler)
    i.SysTick_Handler                        0x0800270e   Section        0  stm32l4xx_it.o(i.SysTick_Handler)
    i.SystemClock_Config                     0x08002714   Section        0  main.o(i.SystemClock_Config)
    i.SystemInit                             0x080027a0   Section        0  system_stm32l4xx.o(i.SystemInit)
    i.UART_AdvFeatureConfig                  0x080027e4   Section        0  stm32l4xx_hal_uart.o(i.UART_AdvFeatureConfig)
    i.UART_CheckIdleState                    0x080028ac   Section        0  stm32l4xx_hal_uart.o(i.UART_CheckIdleState)
    i.UART_DMAAbortOnError                   0x08002904   Section        0  stm32l4xx_hal_uart.o(i.UART_DMAAbortOnError)
    UART_DMAAbortOnError                     0x08002905   Thumb Code    20  stm32l4xx_hal_uart.o(i.UART_DMAAbortOnError)
    i.UART_EndRxTransfer                     0x08002918   Section        0  stm32l4xx_hal_uart.o(i.UART_EndRxTransfer)
    UART_EndRxTransfer                       0x08002919   Thumb Code    30  stm32l4xx_hal_uart.o(i.UART_EndRxTransfer)
    i.UART_SetConfig                         0x08002938   Section        0  stm32l4xx_hal_uart.o(i.UART_SetConfig)
    i.UART_WaitOnFlagUntilTimeout            0x08002b60   Section        0  stm32l4xx_hal_uart.o(i.UART_WaitOnFlagUntilTimeout)
    i.USART2_IRQHandler                      0x08002c04   Section        0  stm32l4xx_it.o(i.USART2_IRQHandler)
    i.UsageFault_Handler                     0x08002c10   Section        0  stm32l4xx_it.o(i.UsageFault_Handler)
    i.__0printf                              0x08002c14   Section        0  printfa.o(i.__0printf)
    i.__NVIC_SetPriority                     0x08002c34   Section        0  stm32l4xx_hal_cortex.o(i.__NVIC_SetPriority)
    __NVIC_SetPriority                       0x08002c35   Thumb Code    32  stm32l4xx_hal_cortex.o(i.__NVIC_SetPriority)
    i.__scatterload_copy                     0x08002c54   Section       14  handlers.o(i.__scatterload_copy)
    i.__scatterload_null                     0x08002c62   Section        2  handlers.o(i.__scatterload_null)
    i.__scatterload_zeroinit                 0x08002c64   Section       14  handlers.o(i.__scatterload_zeroinit)
    i._fp_digits                             0x08002c74   Section        0  printfa.o(i._fp_digits)
    _fp_digits                               0x08002c75   Thumb Code   366  printfa.o(i._fp_digits)
    i._printf_core                           0x08002e00   Section        0  printfa.o(i._printf_core)
    _printf_core                             0x08002e01   Thumb Code  1744  printfa.o(i._printf_core)
    i._printf_post_padding                   0x080034e2   Section        0  printfa.o(i._printf_post_padding)
    _printf_post_padding                     0x080034e3   Thumb Code    36  printfa.o(i._printf_post_padding)
    i._printf_pre_padding                    0x08003506   Section        0  printfa.o(i._printf_pre_padding)
    _printf_pre_padding                      0x08003507   Thumb Code    46  printfa.o(i._printf_pre_padding)
    i.fputc                                  0x08003534   Section        0  bsp_uart.o(i.fputc)
    i.main                                   0x0800354c   Section        0  main.o(i.main)
    i.us_delay                               0x08003664   Section        0  i2c_gpio.o(i.us_delay)
    .constdata                               0x08003678   Section       64  system_stm32l4xx.o(.constdata)
    .constdata                               0x080036b8   Section        8  system_stm32l4xx.o(.constdata)
    .conststring                             0x080036c0   Section       73  sensor_ccs811.o(.conststring)
    .data                                    0x20000000   Section        2  i2c_sensors.o(.data)
    .data                                    0x20000004   Section        4  i2c_sensors.o(.data)
    .data                                    0x20000008   Section        4  i2c_sensors.o(.data)
    .data                                    0x2000000c   Section        4  i2c_sensors.o(.data)
    .data                                    0x20000010   Section        4  i2c_sensors.o(.data)
    .data                                    0x20000014   Section        2  i2c_sensors.o(.data)
    .data                                    0x20000016   Section        6  sensor_ccs811.o(.data)
    .data                                    0x2000001c   Section       12  stm32l4xx_hal.o(.data)
    .data                                    0x20000028   Section        4  system_stm32l4xx.o(.data)
    .data                                    0x2000002c   Section        4  stdout.o(.data)
    .bss                                     0x20000030   Section      128  bsp_uart.o(.bss)
    .bss                                     0x200000b0   Section       32  sensor_ccs811.o(.bss)
    STACK                                    0x200000d0   Section     1024  startup_stm32l432xx.o(STACK)

    Global Symbols

    Symbol Name                              Value     Ov Type        Size  Object(Section)

    BuildAttributes$$THM_ISAv4$E$P$D$K$B$S$7EM$VFPi3$EXTD16$VFPS$VFMA$PE$A:L22UL41UL21$X:L11$S22US41US21$IEEE1$IW$USESV6$~STKCKD$USESV7$~SHL$OTIME$ROPI$EBA8$MICROLIB$REQ8$PRES8$EABIv2 0x00000000   Number         0  anon$$obj.o ABSOLUTE
    __ARM_use_no_argv                        0x00000000   Number         0  main.o ABSOLUTE
    _printf_a                                0x00000000   Number         0  stubs.o ABSOLUTE
    _printf_c                                0x00000000   Number         0  stubs.o ABSOLUTE
    _printf_charcount                        0x00000000   Number         0  stubs.o ABSOLUTE
    _printf_d                                0x00000000   Number         0  stubs.o ABSOLUTE
    _printf_e                                0x00000000   Number         0  stubs.o ABSOLUTE
    _printf_f                                0x00000000   Number         0  stubs.o ABSOLUTE
    _printf_flags                            0x00000000   Number         0  stubs.o ABSOLUTE
    _printf_fp_dec                           0x00000000   Number         0  stubs.o ABSOLUTE
    _printf_fp_hex                           0x00000000   Number         0  stubs.o ABSOLUTE
    _printf_g                                0x00000000   Number         0  stubs.o ABSOLUTE
    _printf_i                                0x00000000   Number         0  stubs.o ABSOLUTE
    _printf_int_dec                          0x00000000   Number         0  stubs.o ABSOLUTE
    _printf_l                                0x00000000   Number         0  stubs.o ABSOLUTE
    _printf_lc                               0x00000000   Number         0  stubs.o ABSOLUTE
    _printf_ll                               0x00000000   Number         0  stubs.o ABSOLUTE
    _printf_lld                              0x00000000   Number         0  stubs.o ABSOLUTE
    _printf_lli                              0x00000000   Number         0  stubs.o ABSOLUTE
    _printf_llo                              0x00000000   Number         0  stubs.o ABSOLUTE
    _printf_llu                              0x00000000   Number         0  stubs.o ABSOLUTE
    _printf_llx                              0x00000000   Number         0  stubs.o ABSOLUTE
    _printf_longlong_dec                     0x00000000   Number         0  stubs.o ABSOLUTE
    _printf_longlong_hex                     0x00000000   Number         0  stubs.o ABSOLUTE
    _printf_longlong_oct                     0x00000000   Number         0  stubs.o ABSOLUTE
    _printf_ls                               0x00000000   Number         0  stubs.o ABSOLUTE
    _printf_mbtowc                           0x00000000   Number         0  stubs.o ABSOLUTE
    _printf_n                                0x00000000   Number         0  stubs.o ABSOLUTE
    _printf_o                                0x00000000   Number         0  stubs.o ABSOLUTE
    _printf_p                                0x00000000   Number         0  stubs.o ABSOLUTE
    _printf_percent                          0x00000000   Number         0  stubs.o ABSOLUTE
    _printf_pre_padding                      0x00000000   Number         0  stubs.o ABSOLUTE
    _printf_return_value                     0x00000000   Number         0  stubs.o ABSOLUTE
    _printf_s                                0x00000000   Number         0  stubs.o ABSOLUTE
    _printf_sizespec                         0x00000000   Number         0  stubs.o ABSOLUTE
    _printf_str                              0x00000000   Number         0  stubs.o ABSOLUTE
    _printf_truncate_signed                  0x00000000   Number         0  stubs.o ABSOLUTE
    _printf_truncate_unsigned                0x00000000   Number         0  stubs.o ABSOLUTE
    _printf_u                                0x00000000   Number         0  stubs.o ABSOLUTE
    _printf_wc                               0x00000000   Number         0  stubs.o ABSOLUTE
    _printf_wctomb                           0x00000000   Number         0  stubs.o ABSOLUTE
    _printf_widthprec                        0x00000000   Number         0  stubs.o ABSOLUTE
    _printf_x                                0x00000000   Number         0  stubs.o ABSOLUTE
    __cpp_initialize__aeabi_                  - Undefined Weak Reference
    __cxa_finalize                            - Undefined Weak Reference
    __decompress                              - Undefined Weak Reference
    _clock_init                               - Undefined Weak Reference
    _microlib_exit                            - Undefined Weak Reference
    __Vectors_Size                           0x0000018c   Number         0  startup_stm32l432xx.o ABSOLUTE
    __Vectors                                0x08000000   Data           4  startup_stm32l432xx.o(RESET)
    __Vectors_End                            0x0800018c   Data           0  startup_stm32l432xx.o(RESET)
    __main                                   0x0800018d   Thumb Code     0  entry.o(.ARM.Collect$$$$00000000)
    _main_stk                                0x0800018d   Thumb Code     0  entry2.o(.ARM.Collect$$$$00000001)
    _main_scatterload                        0x08000191   Thumb Code     0  entry5.o(.ARM.Collect$$$$00000004)
    __main_after_scatterload                 0x08000195   Thumb Code     0  entry5.o(.ARM.Collect$$$$00000004)
    _main_clock                              0x08000195   Thumb Code     0  entry7b.o(.ARM.Collect$$$$00000008)
    _main_cpp_init                           0x08000195   Thumb Code     0  entry8b.o(.ARM.Collect$$$$0000000A)
    _main_init                               0x08000195   Thumb Code     0  entry9a.o(.ARM.Collect$$$$0000000B)
    __rt_final_cpp                           0x0800019d   Thumb Code     0  entry10a.o(.ARM.Collect$$$$0000000D)
    __rt_final_exit                          0x0800019d   Thumb Code     0  entry11a.o(.ARM.Collect$$$$0000000F)
    Reset_Handler                            0x080001a1   Thumb Code     8  startup_stm32l432xx.o(.text)
    ADC1_IRQHandler                          0x080001bb   Thumb Code     0  startup_stm32l432xx.o(.text)
    CAN1_RX0_IRQHandler                      0x080001bb   Thumb Code     0  startup_stm32l432xx.o(.text)
    CAN1_RX1_IRQHandler                      0x080001bb   Thumb Code     0  startup_stm32l432xx.o(.text)
    CAN1_SCE_IRQHandler                      0x080001bb   Thumb Code     0  startup_stm32l432xx.o(.text)
    CAN1_TX_IRQHandler                       0x080001bb   Thumb Code     0  startup_stm32l432xx.o(.text)
    COMP_IRQHandler                          0x080001bb   Thumb Code     0  startup_stm32l432xx.o(.text)
    CRS_IRQHandler                           0x080001bb   Thumb Code     0  startup_stm32l432xx.o(.text)
    DMA1_Channel1_IRQHandler                 0x080001bb   Thumb Code     0  startup_stm32l432xx.o(.text)
    DMA1_Channel2_IRQHandler                 0x080001bb   Thumb Code     0  startup_stm32l432xx.o(.text)
    DMA1_Channel3_IRQHandler                 0x080001bb   Thumb Code     0  startup_stm32l432xx.o(.text)
    DMA1_Channel4_IRQHandler                 0x080001bb   Thumb Code     0  startup_stm32l432xx.o(.text)
    DMA1_Channel5_IRQHandler                 0x080001bb   Thumb Code     0  startup_stm32l432xx.o(.text)
    DMA1_Channel6_IRQHandler                 0x080001bb   Thumb Code     0  startup_stm32l432xx.o(.text)
    DMA1_Channel7_IRQHandler                 0x080001bb   Thumb Code     0  startup_stm32l432xx.o(.text)
    DMA2_Channel1_IRQHandler                 0x080001bb   Thumb Code     0  startup_stm32l432xx.o(.text)
    DMA2_Channel2_IRQHandler                 0x080001bb   Thumb Code     0  startup_stm32l432xx.o(.text)
    DMA2_Channel3_IRQHandler                 0x080001bb   Thumb Code     0  startup_stm32l432xx.o(.text)
    DMA2_Channel4_IRQHandler                 0x080001bb   Thumb Code     0  startup_stm32l432xx.o(.text)
    DMA2_Channel5_IRQHandler                 0x080001bb   Thumb Code     0  startup_stm32l432xx.o(.text)
    DMA2_Channel6_IRQHandler                 0x080001bb   Thumb Code     0  startup_stm32l432xx.o(.text)
    DMA2_Channel7_IRQHandler                 0x080001bb   Thumb Code     0  startup_stm32l432xx.o(.text)
    EXTI0_IRQHandler                         0x080001bb   Thumb Code     0  startup_stm32l432xx.o(.text)
    EXTI15_10_IRQHandler                     0x080001bb   Thumb Code     0  startup_stm32l432xx.o(.text)
    EXTI1_IRQHandler                         0x080001bb   Thumb Code     0  startup_stm32l432xx.o(.text)
    EXTI2_IRQHandler                         0x080001bb   Thumb Code     0  startup_stm32l432xx.o(.text)
    EXTI3_IRQHandler                         0x080001bb   Thumb Code     0  startup_stm32l432xx.o(.text)
    EXTI4_IRQHandler                         0x080001bb   Thumb Code     0  startup_stm32l432xx.o(.text)
    EXTI9_5_IRQHandler                       0x080001bb   Thumb Code     0  startup_stm32l432xx.o(.text)
    FLASH_IRQHandler                         0x080001bb   Thumb Code     0  startup_stm32l432xx.o(.text)
    FPU_IRQHandler                           0x080001bb   Thumb Code     0  startup_stm32l432xx.o(.text)
    I2C1_ER_IRQHandler                       0x080001bb   Thumb Code     0  startup_stm32l432xx.o(.text)
    I2C1_EV_IRQHandler                       0x080001bb   Thumb Code     0  startup_stm32l432xx.o(.text)
    I2C3_ER_IRQHandler                       0x080001bb   Thumb Code     0  startup_stm32l432xx.o(.text)
    I2C3_EV_IRQHandler                       0x080001bb   Thumb Code     0  startup_stm32l432xx.o(.text)
    LPTIM1_IRQHandler                        0x080001bb   Thumb Code     0  startup_stm32l432xx.o(.text)
    LPTIM2_IRQHandler                        0x080001bb   Thumb Code     0  startup_stm32l432xx.o(.text)
    LPUART1_IRQHandler                       0x080001bb   Thumb Code     0  startup_stm32l432xx.o(.text)
    PVD_PVM_IRQHandler                       0x080001bb   Thumb Code     0  startup_stm32l432xx.o(.text)
    QUADSPI_IRQHandler                       0x080001bb   Thumb Code     0  startup_stm32l432xx.o(.text)
    RCC_IRQHandler                           0x080001bb   Thumb Code     0  startup_stm32l432xx.o(.text)
    RNG_IRQHandler                           0x080001bb   Thumb Code     0  startup_stm32l432xx.o(.text)
    RTC_Alarm_IRQHandler                     0x080001bb   Thumb Code     0  startup_stm32l432xx.o(.text)
    RTC_WKUP_IRQHandler                      0x080001bb   Thumb Code     0  startup_stm32l432xx.o(.text)
    SAI1_IRQHandler                          0x080001bb   Thumb Code     0  startup_stm32l432xx.o(.text)
    SPI1_IRQHandler                          0x080001bb   Thumb Code     0  startup_stm32l432xx.o(.text)
    SPI3_IRQHandler                          0x080001bb   Thumb Code     0  startup_stm32l432xx.o(.text)
    SWPMI1_IRQHandler                        0x080001bb   Thumb Code     0  startup_stm32l432xx.o(.text)
    TAMP_STAMP_IRQHandler                    0x080001bb   Thumb Code     0  startup_stm32l432xx.o(.text)
    TIM1_BRK_TIM15_IRQHandler                0x080001bb   Thumb Code     0  startup_stm32l432xx.o(.text)
    TIM1_CC_IRQHandler                       0x080001bb   Thumb Code     0  startup_stm32l432xx.o(.text)
    TIM1_TRG_COM_IRQHandler                  0x080001bb   Thumb Code     0  startup_stm32l432xx.o(.text)
    TIM1_UP_TIM16_IRQHandler                 0x080001bb   Thumb Code     0  startup_stm32l432xx.o(.text)
    TIM2_IRQHandler                          0x080001bb   Thumb Code     0  startup_stm32l432xx.o(.text)
    TIM6_DAC_IRQHandler                      0x080001bb   Thumb Code     0  startup_stm32l432xx.o(.text)
    TIM7_IRQHandler                          0x080001bb   Thumb Code     0  startup_stm32l432xx.o(.text)
    TSC_IRQHandler                           0x080001bb   Thumb Code     0  startup_stm32l432xx.o(.text)
    USART1_IRQHandler                        0x080001bb   Thumb Code     0  startup_stm32l432xx.o(.text)
    USB_IRQHandler                           0x080001bb   Thumb Code     0  startup_stm32l432xx.o(.text)
    WWDG_IRQHandler                          0x080001bb   Thumb Code     0  startup_stm32l432xx.o(.text)
    __aeabi_uldivmod                         0x080001c5   Thumb Code    98  uldiv.o(.text)
    __aeabi_memset                           0x0800022d   Thumb Code    14  memseta.o(.text)
    __aeabi_memset4                          0x0800022d   Thumb Code     0  memseta.o(.text)
    __aeabi_memset8                          0x0800022d   Thumb Code     0  memseta.o(.text)
    __aeabi_memclr                           0x0800023b   Thumb Code     4  memseta.o(.text)
    __aeabi_memclr4                          0x0800023b   Thumb Code     0  memseta.o(.text)
    __aeabi_memclr8                          0x0800023b   Thumb Code     0  memseta.o(.text)
    _memset$wrapper                          0x0800023f   Thumb Code    18  memseta.o(.text)
    __aeabi_ddiv                             0x08000251   Thumb Code   222  ddiv.o(.text)
    __aeabi_ui2d                             0x0800032f   Thumb Code    26  dfltui.o(.text)
    __aeabi_f2d                              0x08000349   Thumb Code    38  f2d.o(.text)
    __aeabi_d2f                              0x0800036f   Thumb Code    56  d2f.o(.text)
    __aeabi_uidiv                            0x080003a7   Thumb Code     0  uidiv.o(.text)
    __aeabi_uidivmod                         0x080003a7   Thumb Code    44  uidiv.o(.text)
    __aeabi_llsl                             0x080003d3   Thumb Code    30  llshl.o(.text)
    _ll_shift_l                              0x080003d3   Thumb Code     0  llshl.o(.text)
    __aeabi_llsr                             0x080003f1   Thumb Code    32  llushr.o(.text)
    _ll_ushift_r                             0x080003f1   Thumb Code     0  llushr.o(.text)
    __I$use$fp                               0x08000411   Thumb Code     0  iusefp.o(.text)
    _float_round                             0x08000411   Thumb Code    18  fepilogue.o(.text)
    _float_epilogue                          0x08000423   Thumb Code    92  fepilogue.o(.text)
    _double_round                            0x0800047f   Thumb Code    30  depilogue.o(.text)
    _double_epilogue                         0x0800049d   Thumb Code   156  depilogue.o(.text)
    __aeabi_dadd                             0x08000539   Thumb Code   322  dadd.o(.text)
    __aeabi_dsub                             0x0800067b   Thumb Code     6  dadd.o(.text)
    __aeabi_drsub                            0x08000681   Thumb Code     6  dadd.o(.text)
    __aeabi_dmul                             0x08000697   Thumb Code   228  dmul.o(.text)
    __aeabi_d2ulz                            0x08000781   Thumb Code    48  dfixul.o(.text)
    __aeabi_cdrcmple                         0x080007b1   Thumb Code    48  cdrcmple.o(.text)
    __scatterload                            0x080007e1   Thumb Code    28  init.o(.text)
    __scatterload_rt2                        0x080007e1   Thumb Code     0  init.o(.text)
    __aeabi_lasr                             0x08000805   Thumb Code    36  llsshr.o(.text)
    _ll_sshift_r                             0x08000805   Thumb Code     0  llsshr.o(.text)
    BH1750_Config                            0x08000829   Thumb Code     4  i2c_sensors.o(i.BH1750_Config)
    BH1750_ConvertResult                     0x0800082d   Thumb Code    32  i2c_sensors.o(i.BH1750_ConvertResult)
    BH1750_ReadData                          0x08000855   Thumb Code    10  i2c_sensors.o(i.BH1750_ReadData)
    BH1750_Start                             0x0800085f   Thumb Code    22  i2c_sensors.o(i.BH1750_Start)
    BH1750_WaitingData_ms                    0x08000875   Thumb Code     6  i2c_sensors.o(i.BH1750_WaitingData_ms)
    BusFault_Handler                         0x0800087b   Thumb Code     2  stm32l4xx_it.o(i.BusFault_Handler)
    CCS811ClearData                          0x0800087d   Thumb Code    16  sensor_ccs811.o(i.CCS811ClearData)
    CCS811GetData                            0x08000891   Thumb Code   150  sensor_ccs811.o(i.CCS811GetData)
    CCS811_CS_GPIO_Config                    0x08000931   Thumb Code    70  sensor_ccs811.o(i.CCS811_CS_GPIO_Config)
    CCS811_Config                            0x0800097d   Thumb Code   498  sensor_ccs811.o(i.CCS811_Config)
    DEBUG_UART_Config                        0x08000c41   Thumb Code   172  bsp_uart.o(i.DEBUG_UART_Config)
    DebugMon_Handler                         0x08000cf9   Thumb Code     2  stm32l4xx_it.o(i.DebugMon_Handler)
    HAL_DMA_Abort_IT                         0x08000cfb   Thumb Code    78  stm32l4xx_hal_dma.o(i.HAL_DMA_Abort_IT)
    HAL_Delay                                0x08000d49   Thumb Code    32  stm32l4xx_hal.o(i.HAL_Delay)
    HAL_GPIO_Init                            0x08000d6d   Thumb Code   392  stm32l4xx_hal_gpio.o(i.HAL_GPIO_Init)
    HAL_GPIO_ReadPin                         0x08000f0f   Thumb Code    10  stm32l4xx_hal_gpio.o(i.HAL_GPIO_ReadPin)
    HAL_GPIO_WritePin                        0x08000f19   Thumb Code    10  stm32l4xx_hal_gpio.o(i.HAL_GPIO_WritePin)
    HAL_GetTick                              0x08000f25   Thumb Code     6  stm32l4xx_hal.o(i.HAL_GetTick)
    HAL_IncTick                              0x08000f31   Thumb Code    12  stm32l4xx_hal.o(i.HAL_IncTick)
    HAL_Init                                 0x08000f41   Thumb Code    30  stm32l4xx_hal.o(i.HAL_Init)
    HAL_InitTick                             0x08000f61   Thumb Code    58  stm32l4xx_hal.o(i.HAL_InitTick)
    HAL_MspInit                              0x08000fa5   Thumb Code    38  stm32l4xx_hal_msp.o(i.HAL_MspInit)
    HAL_NVIC_EnableIRQ                       0x08000fd1   Thumb Code    26  stm32l4xx_hal_cortex.o(i.HAL_NVIC_EnableIRQ)
    HAL_NVIC_SetPriority                     0x08000fed   Thumb Code    60  stm32l4xx_hal_cortex.o(i.HAL_NVIC_SetPriority)
    HAL_NVIC_SetPriorityGrouping             0x0800102d   Thumb Code    26  stm32l4xx_hal_cortex.o(i.HAL_NVIC_SetPriorityGrouping)
    HAL_PWREx_ControlVoltageScaling          0x08001051   Thumb Code    90  stm32l4xx_hal_pwr_ex.o(i.HAL_PWREx_ControlVoltageScaling)
    HAL_PWREx_GetVoltageRange                0x080010b9   Thumb Code    10  stm32l4xx_hal_pwr_ex.o(i.HAL_PWREx_GetVoltageRange)
    HAL_PWR_EnableBkUpAccess                 0x080010c9   Thumb Code    12  stm32l4xx_hal_pwr.o(i.HAL_PWR_EnableBkUpAccess)
    HAL_RCCEx_EnableMSIPLLMode               0x080010d9   Thumb Code    12  stm32l4xx_hal_rcc_ex.o(i.HAL_RCCEx_EnableMSIPLLMode)
    HAL_RCCEx_PeriphCLKConfig                0x080010e9   Thumb Code   634  stm32l4xx_hal_rcc_ex.o(i.HAL_RCCEx_PeriphCLKConfig)
    HAL_RCC_ClockConfig                      0x08001375   Thumb Code   266  stm32l4xx_hal_rcc.o(i.HAL_RCC_ClockConfig)
    HAL_RCC_GetPCLK1Freq                     0x08001495   Thumb Code    24  stm32l4xx_hal_rcc.o(i.HAL_RCC_GetPCLK1Freq)
    HAL_RCC_GetPCLK2Freq                     0x080014b9   Thumb Code    24  stm32l4xx_hal_rcc.o(i.HAL_RCC_GetPCLK2Freq)
    HAL_RCC_GetSysClockFreq                  0x080014dd   Thumb Code   150  stm32l4xx_hal_rcc.o(i.HAL_RCC_GetSysClockFreq)
    HAL_RCC_OscConfig                        0x08001581   Thumb Code  1382  stm32l4xx_hal_rcc.o(i.HAL_RCC_OscConfig)
    HAL_SYSTICK_Config                       0x08001aed   Thumb Code    40  stm32l4xx_hal_cortex.o(i.HAL_SYSTICK_Config)
    HAL_UARTEx_WakeupCallback                0x08001b15   Thumb Code     2  stm32l4xx_hal_uart_ex.o(i.HAL_UARTEx_WakeupCallback)
    HAL_UART_ErrorCallback                   0x08001b17   Thumb Code     2  stm32l4xx_hal_uart.o(i.HAL_UART_ErrorCallback)
    HAL_UART_IRQHandler                      0x08001b19   Thumb Code   348  stm32l4xx_hal_uart.o(i.HAL_UART_IRQHandler)
    HAL_UART_Init                            0x08001c79   Thumb Code   102  stm32l4xx_hal_uart.o(i.HAL_UART_Init)
    HAL_UART_MspInit                         0x08001cdf   Thumb Code     2  stm32l4xx_hal_uart.o(i.HAL_UART_MspInit)
    HAL_UART_Transmit                        0x08001ce1   Thumb Code   182  stm32l4xx_hal_uart.o(i.HAL_UART_Transmit)
    HAL_UART_TxCpltCallback                  0x08001d97   Thumb Code     2  stm32l4xx_hal_uart.o(i.HAL_UART_TxCpltCallback)
    HDC1080_Config                           0x08001d99   Thumb Code    22  i2c_sensors.o(i.HDC1080_Config)
    HDC1080_ConvertResult                    0x08001db5   Thumb Code    90  i2c_sensors.o(i.HDC1080_ConvertResult)
    HDC1080_ReadData                         0x08001e21   Thumb Code    10  i2c_sensors.o(i.HDC1080_ReadData)
    HDC1080_Start                            0x08001e2b   Thumb Code     8  i2c_sensors.o(i.HDC1080_Start)
    HDC1080_WaitingData_ms                   0x08001e33   Thumb Code     6  i2c_sensors.o(i.HDC1080_WaitingData_ms)
    HardFault_Handler                        0x08001e39   Thumb Code     2  stm32l4xx_it.o(i.HardFault_Handler)
    I2C_BUS_1_Ack                            0x08001e3b   Thumb Code    58  i2c_gpio.o(i.I2C_BUS_1_Ack)
    I2C_BUS_1_Config                         0x08001e75   Thumb Code   108  i2c_gpio.o(i.I2C_BUS_1_Config)
    I2C_BUS_1_NAck                           0x08001ee5   Thumb Code    58  i2c_gpio.o(i.I2C_BUS_1_NAck)
    I2C_BUS_1_ReadByte                       0x08001f1f   Thumb Code    88  i2c_gpio.o(i.I2C_BUS_1_ReadByte)
    I2C_BUS_1_ReadDevice_Post                0x08001f77   Thumb Code    74  i2c_gpio.o(i.I2C_BUS_1_ReadDevice_Post)
    I2C_BUS_1_ReadDevice_Pre                 0x08001fc1   Thumb Code    52  i2c_gpio.o(i.I2C_BUS_1_ReadDevice_Pre)
    I2C_BUS_1_SendByte                       0x08001ff5   Thumb Code    84  i2c_gpio.o(i.I2C_BUS_1_SendByte)
    I2C_BUS_1_Start                          0x08002049   Thumb Code   100  i2c_gpio.o(i.I2C_BUS_1_Start)
    I2C_BUS_1_Stop                           0x080020ad   Thumb Code    68  i2c_gpio.o(i.I2C_BUS_1_Stop)
    I2C_BUS_1_WaitAck                        0x080020f1   Thumb Code   104  i2c_gpio.o(i.I2C_BUS_1_WaitAck)
    I2C_BUS_2_Ack                            0x08002159   Thumb Code    58  i2c_gpio.o(i.I2C_BUS_2_Ack)
    I2C_BUS_2_Config                         0x08002195   Thumb Code   108  i2c_gpio.o(i.I2C_BUS_2_Config)
    I2C_BUS_2_NAck                           0x08002205   Thumb Code    58  i2c_gpio.o(i.I2C_BUS_2_NAck)
    I2C_BUS_2_ReadByte                       0x0800223f   Thumb Code    88  i2c_gpio.o(i.I2C_BUS_2_ReadByte)
    I2C_BUS_2_ReadDevice_Post                0x08002297   Thumb Code    74  i2c_gpio.o(i.I2C_BUS_2_ReadDevice_Post)
    I2C_BUS_2_ReadDevice_Pre                 0x080022e1   Thumb Code    52  i2c_gpio.o(i.I2C_BUS_2_ReadDevice_Pre)
    I2C_BUS_2_SendByte                       0x08002315   Thumb Code    84  i2c_gpio.o(i.I2C_BUS_2_SendByte)
    I2C_BUS_2_Start                          0x08002369   Thumb Code   100  i2c_gpio.o(i.I2C_BUS_2_Start)
    I2C_BUS_2_Stop                           0x080023cd   Thumb Code    68  i2c_gpio.o(i.I2C_BUS_2_Stop)
    I2C_BUS_2_WaitAck                        0x08002411   Thumb Code   104  i2c_gpio.o(i.I2C_BUS_2_WaitAck)
    I2C_BUS_2_WriteDevice                    0x08002479   Thumb Code    84  i2c_gpio.o(i.I2C_BUS_2_WriteDevice)
    I2C_BUS_2_WriteDevide_SingleByte         0x080024cd   Thumb Code    66  i2c_gpio.o(i.I2C_BUS_2_WriteDevide_SingleByte)
    LED_TEST_Config                          0x08002511   Thumb Code    68  bsp_led.o(i.LED_TEST_Config)
    MemManage_Handler                        0x0800255d   Thumb Code     2  stm32l4xx_it.o(i.MemManage_Handler)
    NMI_Handler                              0x0800255f   Thumb Code     2  stm32l4xx_it.o(i.NMI_Handler)
    PendSV_Handler                           0x08002561   Thumb Code     2  stm32l4xx_it.o(i.PendSV_Handler)
    SVC_Handler                              0x0800270d   Thumb Code     2  stm32l4xx_it.o(i.SVC_Handler)
    SysTick_Handler                          0x0800270f   Thumb Code     4  stm32l4xx_it.o(i.SysTick_Handler)
    SystemClock_Config                       0x08002715   Thumb Code   134  main.o(i.SystemClock_Config)
    SystemInit                               0x080027a1   Thumb Code    56  system_stm32l4xx.o(i.SystemInit)
    UART_AdvFeatureConfig                    0x080027e5   Thumb Code   200  stm32l4xx_hal_uart.o(i.UART_AdvFeatureConfig)
    UART_CheckIdleState                      0x080028ad   Thumb Code    88  stm32l4xx_hal_uart.o(i.UART_CheckIdleState)
    UART_SetConfig                           0x08002939   Thumb Code   516  stm32l4xx_hal_uart.o(i.UART_SetConfig)
    UART_WaitOnFlagUntilTimeout              0x08002b61   Thumb Code   164  stm32l4xx_hal_uart.o(i.UART_WaitOnFlagUntilTimeout)
    USART2_IRQHandler                        0x08002c05   Thumb Code     6  stm32l4xx_it.o(i.USART2_IRQHandler)
    UsageFault_Handler                       0x08002c11   Thumb Code     2  stm32l4xx_it.o(i.UsageFault_Handler)
    __0printf                                0x08002c15   Thumb Code    22  printfa.o(i.__0printf)
    __1printf                                0x08002c15   Thumb Code     0  printfa.o(i.__0printf)
    __2printf                                0x08002c15   Thumb Code     0  printfa.o(i.__0printf)
    __c89printf                              0x08002c15   Thumb Code     0  printfa.o(i.__0printf)
    printf                                   0x08002c15   Thumb Code     0  printfa.o(i.__0printf)
    __scatterload_copy                       0x08002c55   Thumb Code    14  handlers.o(i.__scatterload_copy)
    __scatterload_null                       0x08002c63   Thumb Code     2  handlers.o(i.__scatterload_null)
    __scatterload_zeroinit                   0x08002c65   Thumb Code    14  handlers.o(i.__scatterload_zeroinit)
    fputc                                    0x08003535   Thumb Code    20  bsp_uart.o(i.fputc)
    main                                     0x0800354d   Thumb Code   186  main.o(i.main)
    us_delay                                 0x08003665   Thumb Code    18  i2c_gpio.o(i.us_delay)
    AHBPrescTable                            0x08003678   Data          16  system_stm32l4xx.o(.constdata)
    MSIRangeTable                            0x08003688   Data          48  system_stm32l4xx.o(.constdata)
    APBPrescTable                            0x080036b8   Data           8  system_stm32l4xx.o(.constdata)
    Region$$Table$$Base                      0x0800370c   Number         0  anon$$obj.o(Region$$Table)
    Region$$Table$$Limit                     0x0800372c   Number         0  anon$$obj.o(Region$$Table)
    BH1750_Data                              0x20000000   Data           2  i2c_sensors.o(.data)
    BH1750_Illumination                      0x20000004   Data           4  i2c_sensors.o(.data)
    HDC1080_Data                             0x20000008   Data           4  i2c_sensors.o(.data)
    HDC1080_Temperature                      0x2000000c   Data           4  i2c_sensors.o(.data)
    HDC1080_Humidity                         0x20000010   Data           4  i2c_sensors.o(.data)
    HDC1080_Config_Bytes                     0x20000014   Data           2  i2c_sensors.o(.data)
    FlagGetId                                0x20000016   Data           1  sensor_ccs811.o(.data)
    n                                        0x20000017   Data           1  sensor_ccs811.o(.data)
    temp                                     0x20000018   Data           1  sensor_ccs811.o(.data)
    MeasureMode                              0x20000019   Data           1  sensor_ccs811.o(.data)
    Status                                   0x2000001a   Data           1  sensor_ccs811.o(.data)
    Error_ID                                 0x2000001b   Data           1  sensor_ccs811.o(.data)
    uwTickPrio                               0x2000001c   Data           4  stm32l4xx_hal.o(.data)
    uwTickFreq                               0x20000020   Data           4  stm32l4xx_hal.o(.data)
    uwTick                                   0x20000024   Data           4  stm32l4xx_hal.o(.data)
    SystemCoreClock                          0x20000028   Data           4  system_stm32l4xx.o(.data)
    __stdout                                 0x2000002c   Data           4  stdout.o(.data)
    DebugUART                                0x20000030   Data         128  bsp_uart.o(.bss)
    BUF                                      0x200000b0   Data          12  sensor_ccs811.o(.bss)
    Information                              0x200000bc   Data          10  sensor_ccs811.o(.bss)
    CCS811                                   0x200000c6   Data          10  sensor_ccs811.o(.bss)
    __initial_sp                             0x200004d0   Data           0  startup_stm32l432xx.o(STACK)



==============================================================================

Memory Map of the image

  Image Entry point : 0x0800018d

  Load Region LR_IROM1 (Base: 0x08000000, Size: 0x0000375c, Max: 0x00040000, ABSOLUTE)

    Execution Region ER_IROM1 (Exec base: 0x08000000, Load base: 0x08000000, Size: 0x0000372c, Max: 0x00040000, ABSOLUTE)

    Exec Addr    Load Addr    Size         Type   Attr      Idx    E Section Name        Object

    0x08000000   0x08000000   0x0000018c   Data   RO            3    RESET               startup_stm32l432xx.o
    0x0800018c   0x0800018c   0x00000000   Code   RO         3269  * .ARM.Collect$$$$00000000  mc_w.l(entry.o)
    0x0800018c   0x0800018c   0x00000004   Code   RO         3545    .ARM.Collect$$$$00000001  mc_w.l(entry2.o)
    0x08000190   0x08000190   0x00000004   Code   RO         3548    .ARM.Collect$$$$00000004  mc_w.l(entry5.o)
    0x08000194   0x08000194   0x00000000   Code   RO         3550    .ARM.Collect$$$$00000008  mc_w.l(entry7b.o)
    0x08000194   0x08000194   0x00000000   Code   RO         3552    .ARM.Collect$$$$0000000A  mc_w.l(entry8b.o)
    0x08000194   0x08000194   0x00000008   Code   RO         3553    .ARM.Collect$$$$0000000B  mc_w.l(entry9a.o)
    0x0800019c   0x0800019c   0x00000000   Code   RO         3555    .ARM.Collect$$$$0000000D  mc_w.l(entry10a.o)
    0x0800019c   0x0800019c   0x00000000   Code   RO         3557    .ARM.Collect$$$$0000000F  mc_w.l(entry11a.o)
    0x0800019c   0x0800019c   0x00000004   Code   RO         3546    .ARM.Collect$$$$00002712  mc_w.l(entry2.o)
    0x080001a0   0x080001a0   0x00000024   Code   RO            4    .text               startup_stm32l432xx.o
    0x080001c4   0x080001c4   0x00000068   Code   RO         3272    .text               mc_w.l(uldiv.o)
    0x0800022c   0x0800022c   0x00000024   Code   RO         3274    .text               mc_w.l(memseta.o)
    0x08000250   0x08000250   0x000000de   Code   RO         3537    .text               mf_w.l(ddiv.o)
    0x0800032e   0x0800032e   0x0000001a   Code   RO         3539    .text               mf_w.l(dfltui.o)
    0x08000348   0x08000348   0x00000026   Code   RO         3541    .text               mf_w.l(f2d.o)
    0x0800036e   0x0800036e   0x00000038   Code   RO         3543    .text               mf_w.l(d2f.o)
    0x080003a6   0x080003a6   0x0000002c   Code   RO         3560    .text               mc_w.l(uidiv.o)
    0x080003d2   0x080003d2   0x0000001e   Code   RO         3562    .text               mc_w.l(llshl.o)
    0x080003f0   0x080003f0   0x00000020   Code   RO         3564    .text               mc_w.l(llushr.o)
    0x08000410   0x08000410   0x00000000   Code   RO         3566    .text               mc_w.l(iusefp.o)
    0x08000410   0x08000410   0x0000006e   Code   RO         3567    .text               mf_w.l(fepilogue.o)
    0x0800047e   0x0800047e   0x000000ba   Code   RO         3569    .text               mf_w.l(depilogue.o)
    0x08000538   0x08000538   0x0000015e   Code   RO         3571    .text               mf_w.l(dadd.o)
    0x08000696   0x08000696   0x000000ea   Code   RO         3573    .text               mf_w.l(dmul.o)
    0x08000780   0x08000780   0x00000030   Code   RO         3575    .text               mf_w.l(dfixul.o)
    0x080007b0   0x080007b0   0x00000030   Code   RO         3577    .text               mf_w.l(cdrcmple.o)
    0x080007e0   0x080007e0   0x00000024   Code   RO         3579    .text               mc_w.l(init.o)
    0x08000804   0x08000804   0x00000024   Code   RO         3581    .text               mc_w.l(llsshr.o)
    0x08000828   0x08000828   0x00000004   Code   RO          692    i.BH1750_Config     i2c_sensors.o
    0x0800082c   0x0800082c   0x00000028   Code   RO          693    i.BH1750_ConvertResult  i2c_sensors.o
    0x08000854   0x08000854   0x0000000a   Code   RO          694    i.BH1750_ReadData   i2c_sensors.o
    0x0800085e   0x0800085e   0x00000016   Code   RO          695    i.BH1750_Start      i2c_sensors.o
    0x08000874   0x08000874   0x00000006   Code   RO          696    i.BH1750_WaitingData_ms  i2c_sensors.o
    0x0800087a   0x0800087a   0x00000002   Code   RO          170    i.BusFault_Handler  stm32l4xx_it.o
    0x0800087c   0x0800087c   0x00000014   Code   RO          782    i.CCS811ClearData   sensor_ccs811.o
    0x08000890   0x08000890   0x000000a0   Code   RO          783    i.CCS811GetData     sensor_ccs811.o
    0x08000930   0x08000930   0x0000004c   Code   RO          784    i.CCS811_CS_GPIO_Config  sensor_ccs811.o
    0x0800097c   0x0800097c   0x000002c4   Code   RO          785    i.CCS811_Config     sensor_ccs811.o
    0x08000c40   0x08000c40   0x000000b8   Code   RO          409    i.DEBUG_UART_Config  bsp_uart.o
    0x08000cf8   0x08000cf8   0x00000002   Code   RO          171    i.DebugMon_Handler  stm32l4xx_it.o
    0x08000cfa   0x08000cfa   0x0000004e   Code   RO         2580    i.HAL_DMA_Abort_IT  stm32l4xx_hal_dma.o
    0x08000d48   0x08000d48   0x00000024   Code   RO         1312    i.HAL_Delay         stm32l4xx_hal.o
    0x08000d6c   0x08000d6c   0x000001a2   Code   RO         2515    i.HAL_GPIO_Init     stm32l4xx_hal_gpio.o
    0x08000f0e   0x08000f0e   0x0000000a   Code   RO         2517    i.HAL_GPIO_ReadPin  stm32l4xx_hal_gpio.o
    0x08000f18   0x08000f18   0x0000000a   Code   RO         2519    i.HAL_GPIO_WritePin  stm32l4xx_hal_gpio.o
    0x08000f22   0x08000f22   0x00000002   PAD
    0x08000f24   0x08000f24   0x0000000c   Code   RO         1316    i.HAL_GetTick       stm32l4xx_hal.o
    0x08000f30   0x08000f30   0x00000010   Code   RO         1322    i.HAL_IncTick       stm32l4xx_hal.o
    0x08000f40   0x08000f40   0x0000001e   Code   RO         1323    i.HAL_Init          stm32l4xx_hal.o
    0x08000f5e   0x08000f5e   0x00000002   PAD
    0x08000f60   0x08000f60   0x00000044   Code   RO         1324    i.HAL_InitTick      stm32l4xx_hal.o
    0x08000fa4   0x08000fa4   0x0000002c   Code   RO          346    i.HAL_MspInit       stm32l4xx_hal_msp.o
    0x08000fd0   0x08000fd0   0x0000001a   Code   RO         3032    i.HAL_NVIC_EnableIRQ  stm32l4xx_hal_cortex.o
    0x08000fea   0x08000fea   0x00000002   PAD
    0x08000fec   0x08000fec   0x00000040   Code   RO         3038    i.HAL_NVIC_SetPriority  stm32l4xx_hal_cortex.o
    0x0800102c   0x0800102c   0x00000024   Code   RO         3039    i.HAL_NVIC_SetPriorityGrouping  stm32l4xx_hal_cortex.o
    0x08001050   0x08001050   0x00000068   Code   RO         2806    i.HAL_PWREx_ControlVoltageScaling  stm32l4xx_hal_pwr_ex.o
    0x080010b8   0x080010b8   0x00000010   Code   RO         2833    i.HAL_PWREx_GetVoltageRange  stm32l4xx_hal_pwr_ex.o
    0x080010c8   0x080010c8   0x00000010   Code   RO         2698    i.HAL_PWR_EnableBkUpAccess  stm32l4xx_hal_pwr.o
    0x080010d8   0x080010d8   0x00000010   Code   RO         2142    i.HAL_RCCEx_EnableMSIPLLMode  stm32l4xx_hal_rcc_ex.o
    0x080010e8   0x080010e8   0x0000028a   Code   RO         2148    i.HAL_RCCEx_PeriphCLKConfig  stm32l4xx_hal_rcc_ex.o
    0x08001372   0x08001372   0x00000002   PAD
    0x08001374   0x08001374   0x00000120   Code   RO         2026    i.HAL_RCC_ClockConfig  stm32l4xx_hal_rcc.o
    0x08001494   0x08001494   0x00000024   Code   RO         2032    i.HAL_RCC_GetPCLK1Freq  stm32l4xx_hal_rcc.o
    0x080014b8   0x080014b8   0x00000024   Code   RO         2033    i.HAL_RCC_GetPCLK2Freq  stm32l4xx_hal_rcc.o
    0x080014dc   0x080014dc   0x000000a4   Code   RO         2034    i.HAL_RCC_GetSysClockFreq  stm32l4xx_hal_rcc.o
    0x08001580   0x08001580   0x0000056c   Code   RO         2037    i.HAL_RCC_OscConfig  stm32l4xx_hal_rcc.o
    0x08001aec   0x08001aec   0x00000028   Code   RO         3043    i.HAL_SYSTICK_Config  stm32l4xx_hal_cortex.o
    0x08001b14   0x08001b14   0x00000002   Code   RO         1246    i.HAL_UARTEx_WakeupCallback  stm32l4xx_hal_uart_ex.o
    0x08001b16   0x08001b16   0x00000002   Code   RO          889    i.HAL_UART_ErrorCallback  stm32l4xx_hal_uart.o
    0x08001b18   0x08001b18   0x00000160   Code   RO          892    i.HAL_UART_IRQHandler  stm32l4xx_hal_uart.o
    0x08001c78   0x08001c78   0x00000066   Code   RO          893    i.HAL_UART_Init     stm32l4xx_hal_uart.o
    0x08001cde   0x08001cde   0x00000002   Code   RO          895    i.HAL_UART_MspInit  stm32l4xx_hal_uart.o
    0x08001ce0   0x08001ce0   0x000000b6   Code   RO          902    i.HAL_UART_Transmit  stm32l4xx_hal_uart.o
    0x08001d96   0x08001d96   0x00000002   Code   RO          905    i.HAL_UART_TxCpltCallback  stm32l4xx_hal_uart.o
    0x08001d98   0x08001d98   0x0000001c   Code   RO          697    i.HDC1080_Config    i2c_sensors.o
    0x08001db4   0x08001db4   0x0000006c   Code   RO          698    i.HDC1080_ConvertResult  i2c_sensors.o
    0x08001e20   0x08001e20   0x0000000a   Code   RO          699    i.HDC1080_ReadData  i2c_sensors.o
    0x08001e2a   0x08001e2a   0x00000008   Code   RO          700    i.HDC1080_Start     i2c_sensors.o
    0x08001e32   0x08001e32   0x00000006   Code   RO          701    i.HDC1080_WaitingData_ms  i2c_sensors.o
    0x08001e38   0x08001e38   0x00000002   Code   RO          172    i.HardFault_Handler  stm32l4xx_it.o
    0x08001e3a   0x08001e3a   0x0000003a   Code   RO          452    i.I2C_BUS_1_Ack     i2c_gpio.o
    0x08001e74   0x08001e74   0x00000070   Code   RO          453    i.I2C_BUS_1_Config  i2c_gpio.o
    0x08001ee4   0x08001ee4   0x0000003a   Code   RO          454    i.I2C_BUS_1_NAck    i2c_gpio.o
    0x08001f1e   0x08001f1e   0x00000058   Code   RO          455    i.I2C_BUS_1_ReadByte  i2c_gpio.o
    0x08001f76   0x08001f76   0x0000004a   Code   RO          456    i.I2C_BUS_1_ReadDevice_Post  i2c_gpio.o
    0x08001fc0   0x08001fc0   0x00000034   Code   RO          457    i.I2C_BUS_1_ReadDevice_Pre  i2c_gpio.o
    0x08001ff4   0x08001ff4   0x00000054   Code   RO          458    i.I2C_BUS_1_SendByte  i2c_gpio.o
    0x08002048   0x08002048   0x00000064   Code   RO          459    i.I2C_BUS_1_Start   i2c_gpio.o
    0x080020ac   0x080020ac   0x00000044   Code   RO          460    i.I2C_BUS_1_Stop    i2c_gpio.o
    0x080020f0   0x080020f0   0x00000068   Code   RO          461    i.I2C_BUS_1_WaitAck  i2c_gpio.o
    0x08002158   0x08002158   0x0000003a   Code   RO          464    i.I2C_BUS_2_Ack     i2c_gpio.o
    0x08002192   0x08002192   0x00000002   PAD
    0x08002194   0x08002194   0x00000070   Code   RO          465    i.I2C_BUS_2_Config  i2c_gpio.o
    0x08002204   0x08002204   0x0000003a   Code   RO          466    i.I2C_BUS_2_NAck    i2c_gpio.o
    0x0800223e   0x0800223e   0x00000058   Code   RO          467    i.I2C_BUS_2_ReadByte  i2c_gpio.o
    0x08002296   0x08002296   0x0000004a   Code   RO          468    i.I2C_BUS_2_ReadDevice_Post  i2c_gpio.o
    0x080022e0   0x080022e0   0x00000034   Code   RO          469    i.I2C_BUS_2_ReadDevice_Pre  i2c_gpio.o
    0x08002314   0x08002314   0x00000054   Code   RO          470    i.I2C_BUS_2_SendByte  i2c_gpio.o
    0x08002368   0x08002368   0x00000064   Code   RO          471    i.I2C_BUS_2_Start   i2c_gpio.o
    0x080023cc   0x080023cc   0x00000044   Code   RO          472    i.I2C_BUS_2_Stop    i2c_gpio.o
    0x08002410   0x08002410   0x00000068   Code   RO          473    i.I2C_BUS_2_WaitAck  i2c_gpio.o
    0x08002478   0x08002478   0x00000054   Code   RO          474    i.I2C_BUS_2_WriteDevice  i2c_gpio.o
    0x080024cc   0x080024cc   0x00000042   Code   RO          475    i.I2C_BUS_2_WriteDevide_SingleByte  i2c_gpio.o
    0x0800250e   0x0800250e   0x00000002   PAD
    0x08002510   0x08002510   0x0000004c   Code   RO          370    i.LED_TEST_Config   bsp_led.o
    0x0800255c   0x0800255c   0x00000002   Code   RO          173    i.MemManage_Handler  stm32l4xx_it.o
    0x0800255e   0x0800255e   0x00000002   Code   RO          174    i.NMI_Handler       stm32l4xx_it.o
    0x08002560   0x08002560   0x00000002   Code   RO          175    i.PendSV_Handler    stm32l4xx_it.o
    0x08002562   0x08002562   0x00000002   PAD
    0x08002564   0x08002564   0x0000012c   Code   RO         2152    i.RCCEx_PLLSAI1_Config  stm32l4xx_hal_rcc_ex.o
    0x08002690   0x08002690   0x0000007c   Code   RO         2038    i.RCC_SetFlashLatencyFromMSIRange  stm32l4xx_hal_rcc.o
    0x0800270c   0x0800270c   0x00000002   Code   RO          176    i.SVC_Handler       stm32l4xx_it.o
    0x0800270e   0x0800270e   0x00000004   Code   RO          177    i.SysTick_Handler   stm32l4xx_it.o
    0x08002712   0x08002712   0x00000002   PAD
    0x08002714   0x08002714   0x0000008c   Code   RO           14    i.SystemClock_Config  main.o
    0x080027a0   0x080027a0   0x00000044   Code   RO         3235    i.SystemInit        system_stm32l4xx.o
    0x080027e4   0x080027e4   0x000000c8   Code   RO          907    i.UART_AdvFeatureConfig  stm32l4xx_hal_uart.o
    0x080028ac   0x080028ac   0x00000058   Code   RO          908    i.UART_CheckIdleState  stm32l4xx_hal_uart.o
    0x08002904   0x08002904   0x00000014   Code   RO          909    i.UART_DMAAbortOnError  stm32l4xx_hal_uart.o
    0x08002918   0x08002918   0x0000001e   Code   RO          919    i.UART_EndRxTransfer  stm32l4xx_hal_uart.o
    0x08002936   0x08002936   0x00000002   PAD
    0x08002938   0x08002938   0x00000228   Code   RO          923    i.UART_SetConfig    stm32l4xx_hal_uart.o
    0x08002b60   0x08002b60   0x000000a4   Code   RO          926    i.UART_WaitOnFlagUntilTimeout  stm32l4xx_hal_uart.o
    0x08002c04   0x08002c04   0x0000000c   Code   RO          178    i.USART2_IRQHandler  stm32l4xx_it.o
    0x08002c10   0x08002c10   0x00000002   Code   RO          179    i.UsageFault_Handler  stm32l4xx_it.o
    0x08002c12   0x08002c12   0x00000002   PAD
    0x08002c14   0x08002c14   0x00000020   Code   RO         3509    i.__0printf         mc_w.l(printfa.o)
    0x08002c34   0x08002c34   0x00000020   Code   RO         3045    i.__NVIC_SetPriority  stm32l4xx_hal_cortex.o
    0x08002c54   0x08002c54   0x0000000e   Code   RO         3585    i.__scatterload_copy  mc_w.l(handlers.o)
    0x08002c62   0x08002c62   0x00000002   Code   RO         3586    i.__scatterload_null  mc_w.l(handlers.o)
    0x08002c64   0x08002c64   0x0000000e   Code   RO         3587    i.__scatterload_zeroinit  mc_w.l(handlers.o)
    0x08002c72   0x08002c72   0x00000002   PAD
    0x08002c74   0x08002c74   0x0000018a   Code   RO         3516    i._fp_digits        mc_w.l(printfa.o)
    0x08002dfe   0x08002dfe   0x00000002   PAD
    0x08002e00   0x08002e00   0x000006e2   Code   RO         3517    i._printf_core      mc_w.l(printfa.o)
    0x080034e2   0x080034e2   0x00000024   Code   RO         3518    i._printf_post_padding  mc_w.l(printfa.o)
    0x08003506   0x08003506   0x0000002e   Code   RO         3519    i._printf_pre_padding  mc_w.l(printfa.o)
    0x08003534   0x08003534   0x00000018   Code   RO          410    i.fputc             bsp_uart.o
    0x0800354c   0x0800354c   0x00000118   Code   RO           15    i.main              main.o
    0x08003664   0x08003664   0x00000012   Code   RO          488    i.us_delay          i2c_gpio.o
    0x08003676   0x08003676   0x00000002   PAD
    0x08003678   0x08003678   0x00000040   Data   RO         3236    .constdata          system_stm32l4xx.o
    0x080036b8   0x080036b8   0x00000008   Data   RO         3237    .constdata          system_stm32l4xx.o
    0x080036c0   0x080036c0   0x00000049   Data   RO          787    .conststring        sensor_ccs811.o
    0x08003709   0x08003709   0x00000003   PAD
    0x0800370c   0x0800370c   0x00000020   Data   RO         3583    Region$$Table       anon$$obj.o


    Execution Region RW_IRAM1 (Exec base: 0x20000000, Load base: 0x0800372c, Size: 0x000004d0, Max: 0x00010000, ABSOLUTE)

    Exec Addr    Load Addr    Size         Type   Attr      Idx    E Section Name        Object

    0x20000000   0x0800372c   0x00000002   Data   RW          702    .data               i2c_sensors.o
    0x20000002   0x0800372e   0x00000002   PAD
    0x20000004   0x08003730   0x00000004   Data   RW          703    .data               i2c_sensors.o
    0x20000008   0x08003734   0x00000004   Data   RW          704    .data               i2c_sensors.o
    0x2000000c   0x08003738   0x00000004   Data   RW          705    .data               i2c_sensors.o
    0x20000010   0x0800373c   0x00000004   Data   RW          706    .data               i2c_sensors.o
    0x20000014   0x08003740   0x00000002   Data   RW          707    .data               i2c_sensors.o
    0x20000016   0x08003742   0x00000006   Data   RW          788    .data               sensor_ccs811.o
    0x2000001c   0x08003748   0x0000000c   Data   RW         1335    .data               stm32l4xx_hal.o
    0x20000028   0x08003754   0x00000004   Data   RW         3238    .data               system_stm32l4xx.o
    0x2000002c   0x08003758   0x00000004   Data   RW         3559    .data               mc_w.l(stdout.o)
    0x20000030        -       0x00000080   Zero   RW          411    .bss                bsp_uart.o
    0x200000b0        -       0x00000020   Zero   RW          786    .bss                sensor_ccs811.o
    0x200000d0        -       0x00000400   Zero   RW            1    STACK               startup_stm32l432xx.o


==============================================================================

Image component sizes


      Code (inc. data)   RO Data    RW Data    ZI Data      Debug   Object Name

        76          8          0          0          0        998   bsp_led.o
       208         16          0          0        128       3260   bsp_uart.o
      1764          8          0          0          0      16418   i2c_gpio.o
       242         32          0         20          0       6842   i2c_sensors.o
       420        100          0          0          0      83996   main.o
       964        230         73          6         32       3780   sensor_ccs811.o
        36          8        396          0       1024        908   startup_stm32l432xx.o
       162         24          0         12          0       4769   stm32l4xx_hal.o
       198         14          0          0          0      34407   stm32l4xx_hal_cortex.o
        78          0          0          0          0       1227   stm32l4xx_hal_dma.o
       438         20          0          0          0       3407   stm32l4xx_hal_gpio.o
        44          6          0          0          0        974   stm32l4xx_hal_msp.o
        16          4          0          0          0        619   stm32l4xx_hal_pwr.o
       120         20          0          0          0       1514   stm32l4xx_hal_pwr_ex.o
      2036         98          0          0          0       7516   stm32l4xx_hal_rcc.o
       966         36          0          0          0       3745   stm32l4xx_hal_rcc_ex.o
      1696         60          0          0          0      11637   stm32l4xx_hal_uart.o
         2          0          0          0          0       1152   stm32l4xx_hal_uart_ex.o
        32          6          0          0          0     620486   stm32l4xx_it.o
        68         12         72          4          0       1429   system_stm32l4xx.o

    ----------------------------------------------------------------------
      9588        702        576         44       1184     809084   Object Totals
         0          0         32          0          0          0   (incl. Generated)
        22          0          3          2          0          0   (incl. Padding)

    ----------------------------------------------------------------------

      Code (inc. data)   RO Data    RW Data    ZI Data      Debug   Library Member Name

         0          0          0          0          0          0   entry.o
         0          0          0          0          0          0   entry10a.o
         0          0          0          0          0          0   entry11a.o
         8          4          0          0          0          0   entry2.o
         4          0          0          0          0          0   entry5.o
         0          0          0          0          0          0   entry7b.o
         0          0          0          0          0          0   entry8b.o
         8          4          0          0          0          0   entry9a.o
        30          0          0          0          0          0   handlers.o
        36          8          0          0          0         68   init.o
         0          0          0          0          0          0   iusefp.o
        30          0          0          0          0         68   llshl.o
        36          0          0          0          0         68   llsshr.o
        32          0          0          0          0         68   llushr.o
        36          0          0          0          0        108   memseta.o
      2270         90          0          0          0        452   printfa.o
         0          0          0          4          0          0   stdout.o
        44          0          0          0          0         80   uidiv.o
       104          0          0          0          0         92   uldiv.o
        48          0          0          0          0         68   cdrcmple.o
        56          0          0          0          0         88   d2f.o
       350          0          0          0          0        148   dadd.o
       222          0          0          0          0        100   ddiv.o
       186          0          0          0          0        176   depilogue.o
        48          0          0          0          0         68   dfixul.o
        26          0          0          0          0         76   dfltui.o
       234          0          0          0          0         96   dmul.o
        38          0          0          0          0         68   f2d.o
       110          0          0          0          0        168   fepilogue.o

    ----------------------------------------------------------------------
      3960        106          0          4          0       2060   Library Totals
         4          0          0          0          0          0   (incl. Padding)

    ----------------------------------------------------------------------

      Code (inc. data)   RO Data    RW Data    ZI Data      Debug   Library Name

      2638        106          0          4          0       1004   mc_w.l
      1318          0          0          0          0       1056   mf_w.l

    ----------------------------------------------------------------------
      3960        106          0          4          0       2060   Library Totals

    ----------------------------------------------------------------------

==============================================================================


      Code (inc. data)   RO Data    RW Data    ZI Data      Debug   

     13548        808        576         48       1184     801960   Grand Totals
     13548        808        576         48       1184     801960   ELF Image Totals
     13548        808        576         48          0          0   ROM Totals

==============================================================================

    Total RO  Size (Code + RO Data)                14124 (  13.79kB)
    Total RW  Size (RW Data + ZI Data)              1232 (   1.20kB)
    Total ROM Size (Code + RO Data + RW Data)      14172 (  13.84kB)

==============================================================================

