<html>
<body>
<pre>
<h1>µVision Build Log</h1>
<h2>Tool Versions:</h2>
IDE-Version: µVision V5.24.2.0
Copyright (C) 2017 ARM Ltd and ARM Germany GmbH. All rights reserved.
License Information:  ,  , LIC=03C63-ARG9F-NNUAF-6Q0PA-A0NQR-03NXX
 
Tool Versions:
Toolchain:       MDK-ARM Plus  Version: 5.24.1
Toolchain Path:  C:\B_ElectronicsCAD\Keil_v5\ARM\ARMCC\Bin
C Compiler:      Armcc.exe V5.06 update 5 (build 528)
Assembler:       Armasm.exe V5.06 update 5 (build 528)
Linker/Locator:  ArmLink.exe V5.06 update 5 (build 528)
Library Manager: ArmAr.exe V5.06 update 5 (build 528)
Hex Converter:   FromElf.exe V5.06 update 5 (build 528)
CPU DLL:         SARMCM3.DLL V5.24.1
Dialog DLL:      DCM.DLL V1.16.0.0
Target DLL:      STLink\ST-LINKIII-KEIL_SWO.dll V3.0.1.0
Dialog DLL:      TCM.DLL V1.32.0.0
 
<h2>Project:</h2>
C:\Users\felic\Desktop\ESD_level4\capstone\A_Code_Greenhouse\Sensor_Device_L432\Sensor_Device_L432_working_919\MDK-ARM\Sensor_Device_L432.uvprojx
Project File Date:  09/18/2020

<h2>Output:</h2>
*** Using Compiler 'V5.06 update 5 (build 528)', folder: 'C:\B_ElectronicsCAD\Keil_v5\ARM\ARMCC\Bin'
Build target 'Sensor_Device_L432'
compiling I2C_sensors.c...
..\Src\I2C_sensors.c(45): warning:  #1035-D: single-precision operand implicitly converted to double-precision
  	g_tmp=175.0*(float)tem/65536.0-45.0;
..\Src\I2C_sensors.c(46): warning:  #1035-D: single-precision operand implicitly converted to double-precision
  	g_frh=100.0*(float)rh/65536.0;
..\Src\I2C_sensors.c(49): warning:  #1-D: last line of file ends without a newline
  }
..\Src\I2C_sensors.c: 3 warnings, 0 errors
linking...
Program Size: Code=11336 RO-data=500 RW-data=20 ZI-data=1156  
FromELF: creating hex file...
"Sensor_Device_L432\Sensor_Device_L432.axf" - 0 Error(s), 3 Warning(s).

<h2>Software Packages used:</h2>

Package Vendor: ARM
                http://www.keil.com/pack/ARM.CMSIS.5.0.1.pack
                ARM.CMSIS.5.0.1
                CMSIS (Cortex Microcontroller Software Interface Standard)
   * Component: CORE Version: 5.0.1

Package Vendor: Keil
                https://www.keil.com/pack/Keil.STM32L4xx_DFP.2.3.0.pack
                Keil.STM32L4xx_DFP.2.3.0
                STMicroelectronics STM32L4 Series Device Support, Drivers and Examples

<h2>Collection of Component include folders:</h2>
  .\RTE\_Sensor_Device_L432
  C:\B_ElectronicsCAD\Keil_v5\ARM\PACK\ARM\CMSIS\5.0.1\CMSIS\Include
  C:\B_ElectronicsCAD\Keil_v5\ARM\PACK\Keil\STM32L4xx_DFP\2.3.0\Drivers\CMSIS\Device\ST\STM32L4xx\Include

<h2>Collection of Component Files used:</h2>

   * Component: ARM::CMSIS:CORE:5.0.1
Build Time Elapsed:  00:00:02
</pre>
</body>
</html>
